[www.weddingstoryz.com/index.html]
[backblue.gif]
[fade.gif]
[index.html]
[www.weddingstoryz.com/index.html]
[www.weddingstoryz.com/favicon.ico]
[www.blogger.com/feeds/8182335901919555726/posts/default]
[www.blogger.com/openid-server.g]
[ajax.googleapis.com/ajax/libs/webfont/1/webfont.js]
[www.weddingstoryz.com/feeds/posts/default]
[www.weddingstoryz.com/feeds/posts/default9522]
[www.blogblog.com/1kt/simple/paging_dot.png]
[www.blogger.com/feeds/8182335901919555726/posts/default]
[pagead2.googlesyndication.com/pagead/js/google_top_exp.js]
[4.bp.blogspot.com/-Zfj_nnoFdkU/U5tP6HKeXmI/AAAAAAAAAPk/rw61sMwZkfc/s1000/Fotor051120391.jpg]
[www.blogger.com/static/v1/widgets/3681447274-widget_css_2_bundle.css]
[apis.google.com/js/plusone.js]
[www.weddingstoryz.com/p/new-page.html]
[www.weddingstoryz.com/p/wedding-ideas.html]
[www.weddingstoryz.com/p/wedding-vendors.html]
[www.google.com/uds/css/gsearch.css]
[www.weddingstoryz.com/search/label/diy tutorials]
[img1.blogblog.com/img/icon18_wrench_allbkg.png]
[www.weddingstoryz.com/2015/01/maharashtrian-bride-africa-cultural-couple-wedding.html]
[3.bp.blogspot.com/-OL4Dz6jpud0/VKWwQg97rPI/AAAAAAAAAwE/jsNIrZGZxw8/s1600/IMG_2436.jpg]
[www.blogger.com/share-postf49c.g]
[www.blogger.com/share-postaf4c.g]
[www.blogger.com/share-post36b5.g]
[www.blogger.com/share-post8431.g]
[www.blogger.com/share-post803b.g]
[img2.blogblog.com/img/icon18_edit_allbkg.gif]
[www.blogger.com/post-editdb7e.g]
[1.bp.blogspot.com/-LPh8UpsJWs4/VH68c7NauhI/AAAAAAAAAuE/NygenJ0Uez8/s1600/NM-Gujarati-Beach-Wedding-At-Havelcok-India-Beach-Wedding-Photographer-In-Delhi-Gurgaon-Goa-Mumbai-Kerela-Andaman-30.jpg]
[www.weddingstoryz.com/2014/12/indian-destination-wedding-andaman-usa.html]
[www.blogger.com/share-post2b77.g]
[www.blogger.com/share-post1861.g]
[www.blogger.com/share-post8afd.g]
[www.blogger.com/share-post8345.g]
[www.blogger.com/share-post7864.g]
[www.blogger.com/post-edit8a45.g]
[www.weddingstoryz.com/2014/11/indian-bride-groom-candid-photographer-lehenga-hyderabad.html]
[1.bp.blogspot.com/-4lFXKVbBPhI/VFriSxkOc3I/AAAAAAAAAfI/edu9uT8q6Fc/s1600/IMG_3900.jpg]
[www.blogger.com/share-post5122.g]
[www.blogger.com/share-post1d0a.g]
[www.blogger.com/share-post7d72.g]
[www.blogger.com/share-postbadf.g]
[www.blogger.com/share-post49ee.g]
[www.weddingstoryz.com/2014/09/delhi-bride-wedding.html]
[www.blogger.com/post-edit652a.g]
[4.bp.blogspot.com/-NJtR_HAixq4/VCIqV4hTZRI/AAAAAAAAAc4/bCzzE6C9VTc/s1600/_MG_0387.jpg]
[www.blogger.com/share-postd80c.g]
[www.blogger.com/share-postddc3.g]
[www.blogger.com/share-postf99d.g]
[www.blogger.com/share-post799b.g]
[www.blogger.com/share-postb0ed.g]
[www.blogger.com/post-editc8bb.g]
[www.weddingstoryz.com/2014/09/catholic-christian-goa-mumbai-wedding-ideas.html]
[3.bp.blogspot.com/-Xei1Ajoq3iA/VBn8agYlLRI/AAAAAAAAAaE/_cIdwHR-M9s/s1600/10608973_10152200206242714_155077351_n.jpg]
[www.blogger.com/share-post090f.g]
[www.blogger.com/share-postde76.g]
[www.blogger.com/share-post2366.g]
[www.blogger.com/share-post2b90.g]
[www.blogger.com/share-post318b.g]
[www.blogger.com/post-edita86b.g]
[www.weddingstoryz.com/2014/09/how-indian-wedding-led-to-another-wedding.html]
[2.bp.blogspot.com/-kaU7e6GbmoM/VBkoM8FwkXI/AAAAAAAABRo/sauX4fmWYFE/s1600/10464291_678151435599587_1922790249978356211_n.jpg]
[www.blogger.com/share-post7834.g]
[www.blogger.com/share-post6ab8.g]
[www.blogger.com/share-post6ec1.g]
[www.blogger.com/share-postd1b9.g]
[www.blogger.com/share-post390d.g]
[www.blogger.com/post-editd183.g]
[www.weddingstoryz.com/2014/08/lehenga-shaadi-and-love-in-australia.html]
[2.bp.blogspot.com/-NSsuCYTQ8WY/U-_3RyfYQDI/AAAAAAAAAY4/yTfVEodvMVU/s1600/IMG_8547.jpg]
[www.blogger.com/share-postdcf0.g]
[www.blogger.com/share-post2b8c.g]
[www.blogger.com/share-posta8f0.g]
[www.blogger.com/share-post2168.g]
[www.blogger.com/share-post6c3a.g]
[www.blogger.com/post-editfdf0.g]
[www.weddingstoryz.com/2014/08/wedding-reels-candid-photographers.html]
[www.weddingstoryz.com/2014/08/maharashtrian-weddings.html]
[www.blogger.com/share-posteaa2.g]
[www.blogger.com/share-post16bd.g]
[www.blogger.com/share-post8898.g]
[www.blogger.com/share-post351c.g]
[www.blogger.com/share-post1d57.g]
[www.blogger.com/post-edit9ac3.g]
[www.weddingstoryz.com/2014/08/camera-crew-candid-wedding-photographers.html]
[www.weddingstoryz.com/2014/07/indian-real-weddings-brides-stories.html]
[www.blogger.com/share-post6528.g]
[www.blogger.com/share-post0e92.g]
[www.blogger.com/share-post01cc.g]
[www.blogger.com/share-post82eb.g]
[www.blogger.com/share-postd60c.g]
[www.blogger.com/post-edit5639.g]
[2.bp.blogspot.com/-QtzL6GbSd9U/U-rEaiFuliI/AAAAAAAAAV0/CbgL2rFI62Y/s1600/_MG_0379.JPG]
[www.blogger.com/share-post289d.g]
[www.blogger.com/share-post7b21.g]
[www.blogger.com/dyn-css/authorizationde91.css]
[www.blogger.com/share-postc6e0.g]
[www.blogger.com/share-postf613.g]
[www.blogger.com/share-postd840.g]
[www.weddingstoryz.com/p/new-page.html]
[2.bp.blogspot.com/-PegaG3hVkXU/U7rXTxeqPvI/AAAAAAAABPI/5a7UiTYWghQ/s1600/Karan_042.jpg]
[www.blogger.com/post-edit39f6.g]
[www.blogger.com/share-post0c69.g]
[www.blogger.com/share-posteba0.g]
[www.blogger.com/share-post624c.g]
[www.weddingstoryz.com/p/wedding-ideas.html]
[www.blogger.com/share-post13aa.g]
[www.blogger.com/share-posta728.g]
[www.blogger.com/post-editaa83.g]
[www.weddingstoryz.com/2014/07/indian-bridal-makeup-salon-parlour-artist.html]
[www.weddingstoryz.com/p/wedding-vendors.html]
[2.bp.blogspot.com/-n2-4osXtG_Y/U7P9U6u4Z1I/AAAAAAAAAUk/FC1H6leq1t0/s1600/Sindhuri+Kumar+(5).JPG]
[www.weddingstoryz.com/2014/06/real-weddings-grand-traditional-south.html]
[www.blogger.com/share-post379a.g]
[www.weddingstoryz.com/search/label/diy tutorials]
[www.blogger.com/share-postb262.g]
[www.weddingstoryz.com/2015/01/maharashtrian-bride-africa-cultural-couple-wedding.html]
[www.blogger.com/share-postcdc6.g]
[www.blogger.com/share-post33f8.g]
[www.blogger.com/share-postafb9.g]
[www.blogger.com/post-editea65.g]
[www.weddingstoryz.com/2014/06/indian-bridal-jewellery-contemporary-latest-trendy.html]
[2.bp.blogspot.com/-PqPab5ZXnAc/U6m5vyqBViI/AAAAAAAAATo/SrH7hkIj544/s1600/JuhiJuyal2.jpg]
[www.blogger.com/share-postb428.g]
[www.blogger.com/share-postf4ea.g]
[www.blogger.com/share-post0ae4.g]
[www.weddingstoryz.com/2014/12/indian-destination-wedding-andaman-usa.html]
[www.blogger.com/share-post6977.g]
[www.blogger.com/share-postc4f2.g]
[www.blogger.com/post-edita34a.g]
[4.bp.blogspot.com/-jhfp6ywHANQ/U52K6MjVJCI/AAAAAAAAAQA/LiCaq9zFW_I/s1600/_G9A3755.jpg]
[3.bp.blogspot.com/-hs5J-6LtCjU/U52LHmx8ooI/AAAAAAAAAQI/j41FqVCJjEo/s1600/_G9A3719.jpg]
[www.blogger.com/share-postdd8f.g]
[www.blogger.com/share-post640e.g]
[www.blogger.com/share-posteb9f.g]
[www.weddingstoryz.com/2014/11/indian-bride-groom-candid-photographer-lehenga-hyderabad.html]
[www.blogger.com/share-postd531.g]
[www.blogger.com/share-post4c8c.g]
[www.blogger.com/post-edit8a23.g]
[www.weddingstoryz.com/2014/06/best-honeymoon-destinations.html]
[4.bp.blogspot.com/-kCo0G0PTcCg/U5n2CSJv-CI/AAAAAAAAAMc/OIZ-Gtc_U4s/s1600/Honeymoon_Sarang-tours.jpg]
[3.bp.blogspot.com/-Wuy1nxFJL28/U5n--Nl9b7I/AAAAAAAAAN8/juqGC0osid4/s1600/Dining-Alfresco-Venice-Italy-wallpaper+-+Copy.jpg]
[www.blogger.com/share-postd40e.g]
[www.blogger.com/share-post1bbe.g]
[www.weddingstoryz.com/2014/09/delhi-bride-wedding.html]
[www.blogger.com/share-postca7f.g]
[www.blogger.com/share-post84d9.g]
[www.blogger.com/share-post7c8f.g]
[www.blogger.com/post-edit6c68.g]
[www.blogger.com/share-posta31a.g]
[www.weddingstoryz.com/2014/05/indian-wedding-photographers.html]
[www.blogger.com/share-postf406.g]
[www.weddingstoryz.com/2014/09/catholic-christian-goa-mumbai-wedding-ideas.html]
[www.blogger.com/share-poste196.g]
[www.blogger.com/share-postf1f8.g]
[www.blogger.com/share-post884e.g]
[www.blogger.com/post-edit5679.g]
[www.weddingstoryz.com/2014/05/indian-real-weddings.html]
[www.blogger.com/share-post4173.g]
[www.blogger.com/share-postdbb4.g]
[www.blogger.com/share-postda00.g]
[www.weddingstoryz.com/2014/09/how-indian-wedding-led-to-another-wedding.html]
[www.blogger.com/share-post5239.g]
[www.blogger.com/post-edit3d31.g]
[www.blogger.com/share-postda4f.g]
[2.bp.blogspot.com/-m659N1BdqaI/U35AHF3l93I/AAAAAAAAAGc/zZ42OetcBsI/s1600/894929_10151485156683941_1374437153_o.jpg]
[www.weddingstoryz.com/2014/05/lehenga-wedding-jewellery-bridal-makeup-sherwanis.html]
[www.weddingstoryz.com/p/lehenga-designs-patterns-types.html]
[www.blogger.com/share-post2f57.g]
[www.blogger.com/share-postf536.g]
[www.blogger.com/share-post27bc.g]
[www.blogger.com/share-post18c6.g]
[www.weddingstoryz.com/2014/08/lehenga-shaadi-and-love-in-australia.html]
[www.blogger.com/share-post5e1d.g]
[www.blogger.com/post-edita13e.g]
[3.bp.blogspot.com/-EngFuzTrzzU/U3jOyQ1qA3I/AAAAAAAABHQ/TNufy0kYljE/s1600/7d903a399b03a45a67f19244ee1d6aeb.jpg]
[www.weddingstoryz.com/2014/05/latest-hairstyles-for-brides.html]
[www.blogger.com/share-post1e39.g]
[www.blogger.com/share-post93e1.g]
[www.blogger.com/share-post64ca.g]
[www.blogger.com/share-post3d86.g]
[www.weddingstoryz.com/2014/08/wedding-reels-candid-photographers.html]
[www.blogger.com/share-postfce1.g]
[www.weddingstoryz.com/2014/08/maharashtrian-weddings.html]
[www.blogger.com/post-edit35f9.g]
[www.weddingstoryz.com/2014/05/indian-wedding-blog_17.html]
[1.bp.blogspot.com/-mkbAhk0Qveo/U25d08N9nDI/AAAAAAAAACY/F5crmJoNOHY/s320/new2.jpg]
[www.blogger.com/share-post4b41.g]
[www.blogger.com/share-postc248.g]
[www.blogger.com/share-post673e.g]
[www.blogger.com/share-post0d25.g]
[www.blogger.com/share-post1202.g]
[www.weddingstoryz.com/2014/08/camera-crew-candid-wedding-photographers.html]
[www.blogger.com/post-editf9e3.g]
[www.weddingstoryz.com/2014/07/indian-real-weddings-brides-stories.html]
[www.weddingstoryz.com/2014/05/wedding-photography-cost.html]
[1.bp.blogspot.com/-ieFf8Rtun0E/U3cjI0XwrNI/AAAAAAAAAFQ/v785qEQcn-Y/s1600/555796_554968051251260_1459110666_n.jpg]
[www.blogger.com/share-postf321.g]
[www.blogger.com/share-postab64.g]
[www.blogger.com/share-post4c9a.g]
[www.blogger.com/share-postbe88.g]
[www.blogger.com/share-post8a0c.g]
[www.blogger.com/post-edit14f9.g]
[www.weddingstoryz.com/2014/05/indian-wedding-blog.html]
[3.bp.blogspot.com/-yEwE2WCFBKw/U2z5iaFQwUI/AAAAAAAAAAM/OCxCSuMvgt0/s1600/14155-2013-10-30_0099-orig.jpeg]
[www.blogger.com/share-postb9ca.g]
[www.blogger.com/share-postdcb2.g]
[www.blogger.com/share-post6652.g]
[www.blogger.com/share-postfee9.g]
[www.blogger.com/share-post2112.g]
[www.blogger.com/post-edit5bea.g]
[farm8.staticflickr.com/7311/14159638862_319783ffbe_o.png]
[www.weddingstoryz.com/search/label/beautiful brides]
[farm8.staticflickr.com/7428/13991238030_f1ac954785_o.png]
[www.weddingstoryz.com/search/label/bridal jewellery]
[www.weddingstoryz.com/2014/07/indian-bridal-makeup-salon-parlour-artist.html]
[www.weddingstoryz.com/search/label/beauty tips and tricks]
[www.weddingstoryz.com/search/label/bridal makeup]
[www.weddingstoryz.com/2014/06/real-weddings-grand-traditional-south.html]
[www.weddingstoryz.com/search/label/bridal makeup artists]
[www.weddingstoryz.com/search/label/bridal salon]
[www.weddingstoryz.com/search/label/candid photography]
[www.weddingstoryz.com/search/label/catholic weddings in india]
[www.weddingstoryz.com/search/label/christian bride]
[www.weddingstoryz.com/search/label/contemporary jewellery]
[www.weddingstoryz.com/search/label/couple outdoor shoot]
[www.weddingstoryz.com/search/label/couple photo shoot]
[www.weddingstoryz.com/2014/06/indian-bridal-jewellery-contemporary-latest-trendy.html]
[www.weddingstoryz.com/search/label/delhi bride]
[farm8.staticflickr.com/7342/14177916214_e17c1ce01b_o.png]
[www.weddingstoryz.com/search/label/couple stories]
[www.weddingstoryz.com/search/label/delhi wedding]
[farm3.staticflickr.com/2915/14198381723_deae2d58b3_o.png]
[www.weddingstoryz.com/search/label/destination wedding]
[www.weddingstoryz.com/search/label/eyeshadow]
[www.weddingstoryz.com/search/label/goa weddings]
[www.weddingstoryz.com/search/label/honeymoon destinations]
[www.weddingstoryz.com/search/label/Indian wedding blog]
[www.weddingstoryz.com/search/label/honeymoons]
[www.weddingstoryz.com/search/label/Indian bride]
[www.weddingstoryz.com/search/label/Indian groom]
[www.weddingstoryz.com/search/label/indian weddings in usa]
[www.weddingstoryz.com/search/label/latest hairstyles]
[www.weddingstoryz.com/search/label/lehengas]
[www.weddingstoryz.com/search/label/lipstick]
[www.weddingstoryz.com/2014/06/best-honeymoon-destinations.html]
[www.weddingstoryz.com/search/label/maharashtrian bride]
[www.weddingstoryz.com/search/label/maharashtrian wedding rituals]
[www.weddingstoryz.com/search/label/makeup tips]
[www.weddingstoryz.com/search/label/latest jewellery]
[www.weddingstoryz.com/search/label/maharashtrian weddings]
[www.weddingstoryz.com/search/label/modern working woman]
[www.weddingstoryz.com/search/label/pre wedding photography]
[www.weddingstoryz.com/search/label/nri couple weddings]
[www.weddingstoryz.com/search/label/pune weddings]
[www.weddingstoryz.com/2014/05/indian-wedding-photographers.html]
[www.weddingstoryz.com/search/label/sarees]
[www.weddingstoryz.com/search/label/online wedding planner]
[www.weddingstoryz.com/search/label/real weddings]
[www.weddingstoryz.com/search/label/south indian weddings]
[www.weddingstoryz.com/search/label/usa indians wedding]
[www.weddingstoryz.com/search/label/wedding destinations]
[www.weddingstoryz.com/search/label/wedding dress]
[www.weddingstoryz.com/search/label/vacations]
[www.weddingstoryz.com/search/label/wedding ideas]
[www.weddingstoryz.com/2014/05/indian-real-weddings.html]
[www.weddingstoryz.com/search/label/wedding outfits]
[www.weddingstoryz.com/search/label/wedding photographers]
[www.weddingstoryz.com/search/label/wedding photographers in Hyderabad]
[www.weddingstoryz.com/search/label/wedding photography]
[www.weddingstoryz.com/search/label/wedding planning]
[www.weddingstoryz.com/search/label/travel plans]
[www.weddingstoryz.com/search/label/wedding planner]
[www.weddingstoryz.com/search/label/white dress]
[www.weddingstoryz.com/search/label/weddings]
[www.weddingstoryz.com/2014/05/lehenga-wedding-jewellery-bridal-makeup-sherwanis.html]
[www.weddingstoryz.com/search/label/wedding photography cost]
[assets.pinterest.com/js/pinit.js]
[www.weddingstoryz.com/search/label/wedding venues]
[www.weddingstoryz.com/p/lehenga-designs-patterns-types.html]
[www.weddingstoryz.com/2015_01_01_archive.html]
[www.weddingstoryz.com/2014_12_01_archive.html]
[www.weddingstoryz.com/2014_07_01_archive.html]
[www.weddingstoryz.com/2014_08_01_archive.html]
[www.weddingstoryz.com/2014_06_01_archive.html]
[www.blogger.com/static/v1/widgets/2350289290-widgets.js]
[www.weddingstoryz.com/2014_09_01_archive.html]
[www.blogger.com/img/triangle_ltr.gif]
[www.google.com/uds/css/clear.gif]
[www.weddingstoryz.com/2014/05/latest-hairstyles-for-brides.html]
[www.google.com/images/nav_logo114.png]
[www.google.com/uds/css/blue_check.gif]
[www.google.com/uds/css/arrow_close.gif]
[www.google.com/uds/css/arrow_open.gif]
[www.google.com/uds/css/one-complex-dark.gif]
[www.google.com/uds/css/more-complex-dark.gif]
[www.google.com/uds/css/all-complex-dark.gif]
[www.weddingstoryz.com/2014_11_01_archive.html]
[www.weddingstoryz.com/2014/05/indian-wedding-blog_17.html]
[www.google.com/uds/css/one-complex-light-blue.gif]
[www.google.com/uds/css/more-complex-light-blue.gif]
[www.google.com/uds/css/all-complex-light-blue.gif]
[ssl.gstatic.com/ui/v1/disclosure/small-grey-disclosure-arrow-down.png]
[www.google.com/uds/css/cse_snippets_stars.png]
[www.google.com/cse/images/action_icons_sprite.gif]
[www.google.com/uds/css/plus_icons.png]
[www.google.com/uds/css/settings.gif]
[www.google.com/uds/css/minus_icons.png]
[www.weddingstoryz.com/2014/05/wedding-photography-cost.html]
[1.bp.blogspot.com/-mkbAhk0Qveo/U25d08N9nDI/AAAAAAAAACY/F5crmJoNOHY/s1600/new2.jpg]
[www.blogger.com/share-post02dd.g]
[www.blogger.com/share-post1650.g]
[www.blogger.com/share-post6327.g]
[www.blogger.com/share-postd302.g]
[www.blogger.com/share-post632b.g]
[www.blogger.com/page-edit1757.g]
[3.bp.blogspot.com/-3hCXWqZ5X1A/U5syXz8xLXI/AAAAAAAAAOg/1RRBChGxXOA/s1600/bridal_salon12.jpg]
[www.weddingstoryz.com/p/indian-bridal-makeup-artists.html]
[www.blogger.com/share-post2efd.g]
[www.weddingstoryz.com/2014/05/indian-wedding-blog.html]
[www.blogger.com/share-post5cdf.g]
[www.blogger.com/share-post685f.g]
[www.blogger.com/share-post41c2.g]
[www.blogger.com/share-postdc53.g]
[www.blogger.com/page-edit0bec.g]
[3.bp.blogspot.com/-s-h3fvr-TIc/U4jIXdweyEI/AAAAAAAABME/1nS2twCza6U/s1600/1382144_554968034584595_796383501_n.jpg]
[www.blogger.com/share-postb658.g]
[www.blogger.com/share-post4b75.g]
[www.blogger.com/share-postf656.g]
[www.weddingstoryz.com/search/label/beautiful brides]
[www.blogger.com/share-postf1a1.g]
[www.weddingstoryz.com/search/label/beauty tips and tricks]
[www.blogger.com/share-posta151.g]
[www.blogger.com/page-edit2a51.g]
[www.weddingstoryz.com/search/label/bridal jewellery]
[www.weddingstoryz.com/feeds/1179946264658663178/comments/default]
[3.bp.blogspot.com/-_AhywfHGWH4/VKWwkbG573I/AAAAAAAAAwM/A3YMrpK3EMg/s1600/IMG_2778.jpg]
[1.bp.blogspot.com/-Or4SU20sc28/VKWws9Ism7I/AAAAAAAAAwU/WzYteCk2puI/s1600/IMG_1974.jpg]
[www.weddingstoryz.com/2014_05_01_archive.html]
[www.weddingstoryz.com/search/label/bridal makeup]
[1.bp.blogspot.com/-DpWM2EM-gZ4/VKWw9-T0_gI/AAAAAAAAAwc/S_LRyQ-HnzM/s1600/IMG_2597.jpg]
[www.weddingstoryz.com/search/label/diy tutorials64ef]
[3.bp.blogspot.com/-U3OkPCp20hM/VKWw-IXubSI/AAAAAAAAAwg/RYvpTJ5KBWI/s1600/IMG_2845.jpg]
[www.weddingstoryz.com/search/label/bridal makeup artists]
[3.bp.blogspot.com/-mX4mMQcs9NY/VKWxKF2OuyI/AAAAAAAAAws/KkEGp6l_iX4/s1600/IMG_2065.jpg]
[2.bp.blogspot.com/-Ij2yuE6oDyE/VKWxqAo0QxI/AAAAAAAAAw0/McBFeguAg_k/s1600/IMG_1859.jpg]
[www.weddingstoryz.com/search/label/bridal salon]
[4.bp.blogspot.com/-hmsE2-Nuh1g/VKWx0ueoJfI/AAAAAAAAAw8/JXImqWxNeVU/s1600/IMG_3073.jpg]
[1.bp.blogspot.com/-mGSPjmifnJs/VKW4hJgn5OI/AAAAAAAAAxQ/6lgyX8HRehM/s1600/IMG_2969.jpg]
[www.weddingstoryz.com/search/label/candid photography]
[www.blogblog.com/dynamicviews/4224c15c4e7c9321/js/comments.js]
[2.bp.blogspot.com/-AC0Ii6GbphU/VJbOtRpoZEI/AAAAAAAADvE/5RB9HWM5VZQ/s45/_]
[www.weddingstoryz.com/search/label/catholic weddings in india]
[www.weddingstoryz.com/2015/01/maharashtrian-bride-africa-cultural-couple-wedding33cc.html]
[www.blogger.com/delete-commentafac.g]
[www.weddingstoryz.com/search/label/christian bride]
[1.bp.blogspot.com/-ZahpJWjjTtM/VCBF4cq1LSI/AAAAAAAADwM/QsTh3TlPctM/s45/US.jpg]
[www.weddingstoryz.com/2015/01/maharashtrian-bride-africa-cultural-couple-weddingcbce.html]
[www.weddingstoryz.com/search/label/contemporary jewellery]
[www.blogger.com/delete-commentf615.g]
[img1.blogblog.com/img/openid36-rounded.png]
[www.weddingstoryz.com/search/label/couple outdoor shoot]
[www.weddingstoryz.com/2015/01/maharashtrian-bride-africa-cultural-couple-wedding4e43.html]
[www.blogger.com/delete-comment9c57.g]
[www.weddingstoryz.com/search/label/couple photo shoot]
[img2.blogblog.com/img/b36-rounded.png]
[www.weddingstoryz.com/2015/01/maharashtrian-bride-africa-cultural-couple-weddinga46a.html]
[www.weddingstoryz.com/search/label/couple stories]
[www.blogger.com/delete-comment1107.g]
[lh3.googleusercontent.com/-s8I2iNhgqao/AAAAAAAAAAI/AAAAAAAAAO0/VyEM9KZfIY0/s512-c/photo.jpg]
[www.weddingstoryz.com/search/label/delhi bride]
[www.weddingstoryz.com/2015/01/maharashtrian-bride-africa-cultural-couple-wedding0fa9.html]
[www.blogger.com/delete-comment1c14.g]
[www.weddingstoryz.com/search/label/delhi wedding]
[www.blogger.com/static/v1/jsbin/2290467252-comment_from_post_iframe.js]
[www.weddingstoryz.com/feeds/218787070973915999/comments/default]
[www.weddingstoryz.com/search/label/destination wedding]
[3.bp.blogspot.com/-IfGqRJuFBFk/VH68uSIHqnI/AAAAAAAAAuM/PdKqvFH6QMg/s1600/NM-Gujarati-Beach-Wedding-At-Havelcok-India-Beach-Wedding-Photographer-In-Delhi-Gurgaon-Goa-Mumbai-Kerela-Andaman-10.jpg]
[3.bp.blogspot.com/-w7frxjgn3WI/VH688So78_I/AAAAAAAAAuU/SD-k0Y6HfPI/s1600/NM-Gujarati-Beach-Wedding-At-Havelcok-India-Beach-Wedding-Photographer-In-Delhi-Gurgaon-Goa-Mumbai-Kerela-Andaman-17.jpg]
[www.blogger.com/comment-iframe339e.g]
[www.weddingstoryz.com/search/label/eyeshadow]
[2.bp.blogspot.com/-BZIx_hXaiCc/VH69H_Gu6kI/AAAAAAAAAuc/1RCZDR5L0lA/s1600/NM-Gujarati-Beach-Wedding-At-Havelcok-India-Beach-Wedding-Photographer-In-Delhi-Gurgaon-Goa-Mumbai-Kerela-Andaman-15.jpg]
[4.bp.blogspot.com/-ppexUtBw_ZA/VH6-E5rOSmI/AAAAAAAAAu0/clx2MTOy8_Y/s1600/NM-Gujarati-Beach-Wedding-At-Havelcok-India-Beach-Wedding-Photographer-In-Delhi-Gurgaon-Goa-Mumbai-Kerela-Andaman-61.jpg]
[www.weddingstoryz.com/search/label/goa weddings]
[4.bp.blogspot.com/-hGqVto8TbWY/VH6-nDW-GEI/AAAAAAAAAvA/xQko7G7XBoE/s1600/NM-Gujarati-Beach-Wedding-At-Havelcok-India-Beach-Wedding-Photographer-In-Delhi-Gurgaon-Goa-Mumbai-Kerela-Andaman-41.jpg]
[1.bp.blogspot.com/-hCGK1pvZdEE/VH6-10zwgiI/AAAAAAAAAvI/phmCgjOY8SY/s1600/NM-Gujarati-Beach-Wedding-At-Havelcok-India-Beach-Wedding-Photographer-In-Delhi-Gurgaon-Goa-Mumbai-Kerela-Andaman-18.jpg]
[www.weddingstoryz.com/search/label/honeymoon destinations]
[1.bp.blogspot.com/-6Z4lpnKBPMg/VH6_Np9_SLI/AAAAAAAAAvQ/raIQnaNsYA8/s1600/NM-Gujarati-Beach-Wedding-At-Havelcok-India-Beach-Wedding-Photographer-In-Delhi-Gurgaon-Goa-Mumbai-Kerela-Andaman-49.jpg]
[1.bp.blogspot.com/-ATafpJVmnh4/VH69pN-Wo9I/AAAAAAAAAuk/Sc9JqgShHE4/s1600/NM-Gujarati-Beach-Wedding-At-Havelcok-India-Beach-Wedding-Photographer-In-Delhi-Gurgaon-Goa-Mumbai-Kerela-Andaman-20.jpg]
[www.weddingstoryz.com/search/label/honeymoons]
[3.bp.blogspot.com/-p7cNB8y-bDs/VH6_0T1nlnI/AAAAAAAAAvg/1aoP_vMmqok/s1600/NM-Gujarati-Beach-Wedding-At-Havelcok-India-Beach-Wedding-Photographer-In-Delhi-Gurgaon-Goa-Mumbai-Kerela-Andaman-44.jpg]
[1.bp.blogspot.com/-6g7Q6-9RWfo/VH7ACAogfII/AAAAAAAAAvo/vYe2hjFfB-M/s1600/NM-Gujarati-Beach-Wedding-At-Havelcok-India-Beach-Wedding-Photographer-In-Delhi-Gurgaon-Goa-Mumbai-Kerela-Andaman-39.jpg]
[www.weddingstoryz.com/search/label/Indian bride]
[4.bp.blogspot.com/-7k3NJNTgG68/VH7AUz6jkBI/AAAAAAAAAvw/DwgkE81J_J8/s1600/NM-Gujarati-Beach-Wedding-At-Havelcok-India-Beach-Wedding-Photographer-In-Delhi-Gurgaon-Goa-Mumbai-Kerela-Andaman-22.jpg]
[2.bp.blogspot.com/-EwyFmu6sRfg/VH6_ax6spHI/AAAAAAAAAvY/jEeTmwzHcDg/s1600/NM-Gujarati-Beach-Wedding-At-Havelcok-India-Beach-Wedding-Photographer-In-Delhi-Gurgaon-Goa-Mumbai-Kerela-Andaman-31.jpg]
[3.bp.blogspot.com/-ehQLw85IXlQ/VH69-11glkI/AAAAAAAAAus/aL2Vm_wYECk/s1600/NM-Gujarati-Beach-Wedding-At-Havelcok-India-Beach-Wedding-Photographer-In-Delhi-Gurgaon-Goa-Mumbai-Kerela-Andaman-26.jpg]
[www.weddingstoryz.com/search/label/Indian groom]
[img1.blogblog.com/img/anon36.png]
[www.weddingstoryz.com/2014/12/indian-destination-wedding-andaman-usad333.html]
[www.weddingstoryz.com/search/label/Indian wedding blog]
[www.blogger.com/delete-comment6be8.g]
[2.bp.blogspot.com/-ZhrIe5o1i9Q/U9JXUVDE1tI/AAAAAAAAFUA/OAvH9zSJpgw/s45/_]
[www.weddingstoryz.com/search/label/indian weddings in usa]
[www.weddingstoryz.com/2014/12/indian-destination-wedding-andaman-usa0f29.html]
[www.blogger.com/delete-commentde6c.g]
[www.weddingstoryz.com/search/label/latest hairstyles]
[lh5.googleusercontent.com/-vrDUOioiKxM/AAAAAAAAAAI/AAAAAAAAAQk/0GVK5oNx54I/s512-c/photo.jpg]
[www.weddingstoryz.com/search/label/latest jewellery]
[www.weddingstoryz.com/2014/12/indian-destination-wedding-andaman-usa041d.html]
[lh3.googleusercontent.com/-ZS6R8IbdwQo/AAAAAAAAAAI/AAAAAAAAABk/_EbDfp33ibw/s512-c/photo.jpg]
[www.blogger.com/delete-comment2946.g]
[www.weddingstoryz.com/search/label/lehengas]
[www.weddingstoryz.com/2014/12/indian-destination-wedding-andaman-usa9f5b.html]
[www.blogger.com/delete-comment9eaf.g]
[www.weddingstoryz.com/search/label/lipstick]
[www.weddingstoryz.com/2014/12/indian-destination-wedding-andaman-usa7a4e.html]
[www.weddingstoryz.com/search/label/maharashtrian bride]
[www.blogger.com/delete-commentc18a.g]
[www.weddingstoryz.com/2014/12/indian-destination-wedding-andaman-usa6326.html]
[www.weddingstoryz.com/search/label/maharashtrian wedding rituals]
[2.bp.blogspot.com/-xdBAGTwyRH0/UOz2e9vIflI/AAAAAAAAAtg/XD_YuP83lJU/s45/sara%252Bn.jpg]
[www.blogger.com/delete-comment151d.g]
[www.blogger.com/delete-comment53b1.g]
[www.weddingstoryz.com/2014/12/indian-destination-wedding-andaman-usa4bd8.html]
[www.weddingstoryz.com/search/label/maharashtrian weddings]
[www.weddingstoryz.com/feeds/8588831389617440999/comments/default]
[www.weddingstoryz.com/search/label/makeup tips]
[1.bp.blogspot.com/-oxk_MAriFn8/VFrj-huAQYI/AAAAAAAAAfc/7OKDWThYhvg/s1600/IMG_3852.jpg]
[4.bp.blogspot.com/-BLyEYQJfric/VFrjgXor0kI/AAAAAAAAAfU/StZEej4Xrw4/s1600/IMG_3637.jpg]
[www.blogger.com/comment-iframe5469.g]
[www.weddingstoryz.com/search/label/modern working woman]
[3.bp.blogspot.com/-s9PDkEyEfp4/VFrkJEPI-hI/AAAAAAAAAfk/f2VvE8vhzbQ/s1600/IMG_3686.jpg]
[4.bp.blogspot.com/-AudU46ox9nM/VFrkT4iKMMI/AAAAAAAAAfs/eoIeQ8ldMyo/s1600/IMG_3849.jpg]
[www.weddingstoryz.com/search/label/nri couple weddings]
[2.bp.blogspot.com/-H-DicO6CMhc/VFrkelOyA2I/AAAAAAAAAf0/cZYz9DevSxg/s1600/IMG_3761.jpg]
[3.bp.blogspot.com/-qnrBzV1GYWs/VFrky9kDmeI/AAAAAAAAAf8/F08fNj_8mYA/s1600/IMG_3621.jpg]
[www.weddingstoryz.com/search/label/online wedding planner]
[2.bp.blogspot.com/_-elmIB56iiY/SqGgIJ2iIyI/AAAAAAAAAOM/n110CZ4QJEM/S45/018CB.jpg]
[www.weddingstoryz.com/2014/11/indian-bride-groom-candid-photographer-lehenga-hyderabad5bb6.html]
[www.weddingstoryz.com/search/label/pre wedding photography]
[www.blogger.com/delete-comment7021.g]
[www.weddingstoryz.com/2014/11/indian-bride-groom-candid-photographer-lehenga-hyderabade590.html]
[www.weddingstoryz.com/search/label/pune weddings]
[www.blogger.com/delete-comment74ee.g]
[www.weddingstoryz.com/search/label/real weddings]
[www.weddingstoryz.com/2014/11/indian-bride-groom-candid-photographer-lehenga-hyderabada8fe.html]
[www.blogger.com/delete-comment48cb.g]
[www.weddingstoryz.com/feeds/1509284290527105141/comments/default]
[www.weddingstoryz.com/search/label/sarees]
[3.bp.blogspot.com/-dHZjcOQ1mKM/VCIrC1zafwI/AAAAAAAAAdA/JzMrBCS0eXw/s1600/_MG_4004.jpg]
[1.bp.blogspot.com/-yy3eB6L5W-0/VCIrQQ6aDcI/AAAAAAAAAdI/qQa3MMIVnTY/s1600/_MG_4209.jpg]
[3.bp.blogspot.com/-IikEBQlcx9E/VCIrhEBgt1I/AAAAAAAAAdQ/Pm7OhemuEUM/s1600/_MG_4036.jpg]
[www.blogger.com/comment-iframe48ce.g]
[www.weddingstoryz.com/search/label/south indian weddings]
[2.bp.blogspot.com/-tfBS8YBy3ww/VCIsDz6pOLI/AAAAAAAAAdY/f6aVswIE2PE/s1600/Shweta_Gaurav_Wedding-94.jpg]
[4.bp.blogspot.com/-xQIcNT8iEDg/VCIsWK_-zhI/AAAAAAAAAdg/OJzYJIB2QN8/s1600/Shweta_Gaurav_PreWedding-1.jpg]
[www.weddingstoryz.com/search/label/travel plans]
[1.bp.blogspot.com/-Kw4jJUSNu4A/VCIslLrfrFI/AAAAAAAAAdo/VPovxD-fXkM/s1600/_MG_2795.jpg]
[4.bp.blogspot.com/-MXl6_6A_vmI/VCIwcQj_pZI/AAAAAAAAAec/z1wIktR3lHs/s1600/Shweta_Gaurav_PreWedding-5.jpg]
[www.weddingstoryz.com/search/label/usa indians wedding]
[1.bp.blogspot.com/-4y_y2AXeY9c/VCIs7MWtscI/AAAAAAAAAdw/eBLD8nl_EJY/s1600/_MG_0309.jpg]
[2.bp.blogspot.com/-19KxKTKHZ3o/VCItrUuqxQI/AAAAAAAAAeA/Rm5pRzqPZ-0/s1600/Shweta_Gaurav_Wedding-95.jpg]
[www.weddingstoryz.com/search/label/vacations]
[4.bp.blogspot.com/-4YlYPEkSgkE/VCIuRhVOjJI/AAAAAAAAAeI/lyaxhJGr5uc/s1600/_MG_4137.jpg]
[1.bp.blogspot.com/-8tBejJHg4Oo/VCIvmBv7uuI/AAAAAAAAAeU/bhGQHgnoYXo/s1600/soul.jpg]
[www.weddingstoryz.com/search/label/wedding destinations]
[www.weddingstoryz.com/2014/09/delhi-bride-wedding99c3.html]
[www.blogger.com/delete-commentefcd.g]
[www.weddingstoryz.com/search/label/wedding dress]
[www.weddingstoryz.com/2014/09/delhi-bride-weddingd2fc.html]
[www.blogger.com/delete-comment776e.g]
[www.weddingstoryz.com/search/label/wedding ideas]
[www.weddingstoryz.com/2014/09/delhi-bride-wedding6f5e.html]
[www.blogger.com/delete-comment2d63.g]
[www.weddingstoryz.com/search/label/wedding outfits]
[www.weddingstoryz.com/2014/09/delhi-bride-weddingf8cb.html]
[www.blogger.com/delete-commentda67.g]
[www.weddingstoryz.com/search/label/wedding photographers]
[www.weddingstoryz.com/feeds/9052796530488379057/comments/default]
[www.weddingstoryz.com/search/label/wedding photographers in Hyderabad]
[2.bp.blogspot.com/-2t0kaGSz3MU/VBn8-ciU5bI/AAAAAAAAAaM/xAbXX45Smug/s1600/10609007_10152200206237714_2029943065_n.jpg]
[1.bp.blogspot.com/-N9IwgbZppXs/VBn9XI4hnNI/AAAAAAAAAaU/ELH6Vg4Uqyk/s1600/10608937_10152200208827714_1130397145_n.jpg]
[www.blogger.com/comment-iframe82f2.g]
[www.weddingstoryz.com/search/label/wedding photography]
[3.bp.blogspot.com/---Psh4KV7to/VBn9l0Z7RVI/AAAAAAAAAac/mjvEzsUSCN8/s1600/10609274_10152200206252714_1041533190_n.jpg]
[4.bp.blogspot.com/-a_8pCtlP6HQ/VBoCfpnOMyI/AAAAAAAAAbU/qVZ6vMSl6Dk/s1600/579206_10151913680167714_204212089_n.jpg]
[3.bp.blogspot.com/-Z0GPVjvFLZU/VBn-dbbcu7I/AAAAAAAAAaw/6oB9FvibWbA/s1600/10615726_10152200209257714_1708387857_n.jpg]
[www.weddingstoryz.com/search/label/wedding photography cost]
[1.bp.blogspot.com/-ZvtTJPgGwZA/VBoCyvg_k0I/AAAAAAAAAbc/exSYQvVI9r4/s1600/148312_10151913545772714_1146644694_n.jpg]
[3.bp.blogspot.com/-SJB0kiI8UR4/VBoDSH-Ga7I/AAAAAAAAAbs/W20fGlFQisc/s1600/1920136_10151913525027714_1693554435_n.jpg]
[www.weddingstoryz.com/search/label/wedding planner]
[3.bp.blogspot.com/-UnAkTJUQAeU/VBn_C_MsrRI/AAAAAAAAAbA/jr8ALHDjKW0/s1600/10608882_10152200206222714_1478436281_n.jpg]
[www.weddingstoryz.com/search/label/wedding planning]
[3.bp.blogspot.com/-RO3HSSE7zjY/VBoDACKdOXI/AAAAAAAAAbk/SEpGhn_NcA4/s1600/10013514_10151913413672714_31428439_n.jpg]
[2.bp.blogspot.com/-rOqhhO88J40/VBoD4-GTX7I/AAAAAAAAAcc/-bPp0T2Qds8/s1600/10007009_10151913636372714_1542300730_n.jpg]
[1.bp.blogspot.com/-zt_2VbJJWq4/VBoDuo3TdZI/AAAAAAAAAb0/t1Im_wFu2qw/s1600/1374336_10151913411122714_1530308510_n.jpg]
[www.weddingstoryz.com/search/label/wedding venues]
[3.bp.blogspot.com/-yNIm34ebmys/VBoDvU8uixI/AAAAAAAAAcE/ui6CZvto69A/s1600/1525124_10151913566362714_632596327_n.jpg]
[1.bp.blogspot.com/-PXlYUGoggM8/VBoDu5QQuvI/AAAAAAAAAb4/Jn_90gb6kJY/s1600/1382419_10151913656762714_212423254_n.jpg]
[3.bp.blogspot.com/-jz6VuQsZbl4/VBoDvo7XrCI/AAAAAAAAAcA/bTmSzimBGfk/s1600/1939749_10151913680357714_819720521_n.jpg]
[www.weddingstoryz.com/search/label/weddings]
[3.bp.blogspot.com/-1BDR3q_XVEA/UyO0rGgZjjI/AAAAAAAAASw/B4dzwbNZW8k/s45/1922010_670254563018019_1483695147_n.jpg]
[3.bp.blogspot.com/--KBnEIpbjxc/VBoDwA7RpeI/AAAAAAAAAcU/22gWRhhZays/s1600/1947570_10151915059667714_2016940994_n.jpg]
[www.weddingstoryz.com/search/label/white dress]
[www.weddingstoryz.com/2014/09/catholic-christian-goa-mumbai-wedding-ideas8653.html]
[www.blogger.com/delete-comment3342.g]
[www.weddingstoryz.com/2015_01_01_archive.html]
[www.weddingstoryz.com/2014/09/catholic-christian-goa-mumbai-wedding-ideas597b.html]
[www.weddingstoryz.com/2014/09/catholic-christian-goa-mumbai-wedding-ideasacf1.html]
[www.weddingstoryz.com/2014_12_01_archive.html]
[www.blogger.com/delete-comment6e3a.g]
[www.blogger.com/delete-comment3ce9.g]
[www.weddingstoryz.com/2014_11_01_archive.html]
[www.weddingstoryz.com/2014/09/catholic-christian-goa-mumbai-wedding-ideasd7db.html]
[www.blogger.com/delete-comment8587.g]
[www.weddingstoryz.com/2014_09_01_archive.html]
[www.weddingstoryz.com/2014/09/catholic-christian-goa-mumbai-wedding-ideas2768.html]
[www.blogger.com/delete-comment8806.g]
[www.weddingstoryz.com/2014_08_01_archive.html]
[www.weddingstoryz.com/feeds/2935746605022142446/comments/default]
[2.bp.blogspot.com/-dX8yuRTZr0c/VBknnMEEuKI/AAAAAAAABRY/DO8_ln1WGQ8/s1600/10442335_678150985599632_8097700095726539678_n+(1).jpg]
[3.bp.blogspot.com/-tpxj6sYcmso/VBko-GDifUI/AAAAAAAABRw/s182ed8H0g0/s1600/10387534_678151128932951_662691008899836280_n.jpg]
[www.weddingstoryz.com/2014_07_01_archive.html]
[2.bp.blogspot.com/-yG1AI5Gl8fE/VBknbXwzx5I/AAAAAAAABRQ/A-zyeNwySKQ/s1600/10436153_678152432266154_5959688289378676918_n.jpg]
[www.blogger.com/comment-iframe83ca.g]
[1.bp.blogspot.com/-pyN4EUZT83o/VBkpVbgyIUI/AAAAAAAABR4/uxtawB5o3VU/s1600/10442375_678150825599648_2534751010394816344_n.jpg]
[www.weddingstoryz.com/2014_06_01_archive.html]
[1.bp.blogspot.com/-sTDJnoxMujw/VBkpl31z5cI/AAAAAAAABSE/G9n6BNDmGp8/s1600/10322825_678150775599653_3750825291690861698_n.jpg]
[www.weddingstoryz.com/2014_05_01_archive.html]
[4.bp.blogspot.com/-Ry84JC5H_7E/VBkplxJqmtI/AAAAAAAABSM/qLDG0tEil2M/s1600/10478153_678151818932882_4814687154565086713_n.jpg]
[3.bp.blogspot.com/-PzHgQeSLPOA/VBkpmpZQBkI/AAAAAAAABSQ/dW7xwEzPsg4/s1600/10487186_678151728932891_8021067846602025998_n.jpg]
[www.blogger.com/delete-comment833f.g]
[www.weddingstoryz.com/2014/09/how-indian-wedding-led-to-another-wedding9702.html]
[www.weddingstoryz.com/2014/09/how-indian-wedding-led-to-another-weddingbf50.html]
[www.blogger.com/delete-commentea9c.g]
[www.blogger.com/delete-comment40c4.g]
[www.weddingstoryz.com/p/indian-bridal-makeup-artists.html]
[www.weddingstoryz.com/2014/09/how-indian-wedding-led-to-another-wedding7e76.html]
[www.blogger.com/delete-commentc50d.g]
[www.weddingstoryz.com/2014/09/how-indian-wedding-led-to-another-wedding105a.html]
[www.weddingstoryz.com/feeds/1588807261618836343/comments/default]
[1.bp.blogspot.com/-fI6_ktsGCts/U-_3y_-O5NI/AAAAAAAAAZA/jYbrGXILrWk/s1600/IMG_9269.jpg]
[4.bp.blogspot.com/-6IQxSBvdLaw/U-_4h6zuSDI/AAAAAAAAAZQ/TnDgonWqrqQ/s1600/PW3.jpg]
[2.bp.blogspot.com/-VNQ7DasN7kk/U-_4I1v9-wI/AAAAAAAAAZI/t06SEG1OnTM/s1600/Lehenga2.jpg]
[www.blogger.com/comment-iframe265b.g]
[3.bp.blogspot.com/-XG3qjxe9v9U/U-_5EQMpysI/AAAAAAAAAZY/gc6bKv-9cvg/s1600/7.jpg]
[www.weddingstoryz.com/2014/08/lehenga-shaadi-and-love-in-australia266c.html]
[www.blogger.com/delete-commenteb72.g]
[www.weddingstoryz.com/2014/08/lehenga-shaadi-and-love-in-australia7ecf.html]
[www.blogger.com/delete-comment8610.g]
[www.weddingstoryz.com/search/label/diy tutorials64ef]
[www.blogger.com/delete-comment4878.g]
[www.weddingstoryz.com/2014/08/lehenga-shaadi-and-love-in-australiab0b2.html]
[www.weddingstoryz.com/2015/01/maharashtrian-bride-africa-cultural-couple-wedding33cc.html]
[www.weddingstoryz.com/2014/08/lehenga-shaadi-and-love-in-australiadad4.html]
[www.blogger.com/delete-commente436.g]
[www.weddingstoryz.com/2014/08/lehenga-shaadi-and-love-in-australiabc8c.html]
[www.weddingstoryz.com/2014/08/lehenga-shaadi-and-love-in-australia8356.html]
[www.blogger.com/delete-comment6cca.g]
[www.weddingstoryz.com/2015/01/maharashtrian-bride-africa-cultural-couple-weddingcbce.html]
[www.blogger.com/delete-comment1415.g]
[www.weddingstoryz.com/feeds/7023861615005699943/comments/default]
[www.weddingstoryz.com/2014/08/wedding-reels-candid-photographersf119.html]
[www.weddingstoryz.com/2015/01/maharashtrian-bride-africa-cultural-couple-wedding4e43.html]
[www.weddingstoryz.com/2014/08/wedding-reels-candid-photographers33aa.html]
[www.blogger.com/delete-commentfa4e.g]
[www.blogger.com/delete-comment6567.g]
[www.weddingstoryz.com/2015/01/maharashtrian-bride-africa-cultural-couple-weddinga46a.html]
[www.blogger.com/delete-comment58a3.g]
[www.weddingstoryz.com/2014/08/wedding-reels-candid-photographersa503.html]
[2.bp.blogspot.com/-rS0ypnlI9r4/U-rEg88_xpI/AAAAAAAAAV8/7125rYwINY8/s1600/_MG_0074.JPG]
[www.weddingstoryz.com/feeds/635700430958105492/comments/default]
[2.bp.blogspot.com/-KYI27eR6QJw/U-rEsrIN8oI/AAAAAAAAAWE/AxLO7AtlwdI/s1600/_MG_0108.JPG]
[www.blogger.com/comment-iframe4d96.g]
[www.blogger.com/comment-iframe482e.g]
[www.weddingstoryz.com/2015/01/maharashtrian-bride-africa-cultural-couple-wedding0fa9.html]
[4.bp.blogspot.com/-X_fq-cYCDVA/U-rF3Qs08TI/AAAAAAAAAWM/X1xeBZp7kpU/s1600/_MG_0153.JPG]
[2.bp.blogspot.com/-S2gpBLl8WrE/U-rGSqy55_I/AAAAAAAAAWc/tdqP7p0ylFI/s1600/_MG_0302.JPG]
[www.weddingstoryz.com/2014/08/maharashtrian-weddingsa200.html]
[www.blogger.com/comment-iframe339e.g]
[www.blogger.com/delete-comment66b2.g]
[www.weddingstoryz.com/2014/08/maharashtrian-weddings7951.html]
[www.weddingstoryz.com/2014/12/indian-destination-wedding-andaman-usad333.html]
[www.blogger.com/delete-commentaf24.g]
[www.weddingstoryz.com/2014/08/maharashtrian-weddingsffa1.html]
[www.blogger.com/delete-comment496e.g]
[www.weddingstoryz.com/2014/12/indian-destination-wedding-andaman-usa0f29.html]
[www.weddingstoryz.com/2014/12/indian-destination-wedding-andaman-usa041d.html]
[www.weddingstoryz.com/feeds/192028366281251972/comments/default]
[www.weddingstoryz.com/feeds/8237906939573418177/comments/default]
[2.bp.blogspot.com/-QLlyOE01B7g/U7rY8m7E7zI/AAAAAAAABPU/w4XjmThc45k/s1600/Karan_008.jpg]
[2.bp.blogspot.com/-ksEMYu-Q0P8/U7rZKLzcLtI/AAAAAAAABPc/d_PwjcXzkig/s1600/Karan_045.jpg]
[www.blogger.com/comment-iframec4c7.g]
[www.weddingstoryz.com/2014/12/indian-destination-wedding-andaman-usa9f5b.html]
[4.bp.blogspot.com/-S00q4W1xC4c/U7rZYEUzVyI/AAAAAAAABPk/CepSivp5hFQ/s1600/Karan_006.jpg]
[www.blogger.com/comment-iframe00e1.g]
[1.bp.blogspot.com/-uGnpYN3k3kI/U7rZsMrXSsI/AAAAAAAABPo/bF8hF24Z33A/s1600/Karan_017.jpg]
[2.bp.blogspot.com/-KWdeNIgYIk0/U7rZ_uFEETI/AAAAAAAABPw/zdsq9Jpg1Uk/s1600/Karan_020.jpg]
[www.weddingstoryz.com/2014/12/indian-destination-wedding-andaman-usa7a4e.html]
[1.bp.blogspot.com/-uT1uWBtkB7M/U7raORbogxI/AAAAAAAABP8/34kExPXtUZY/s1600/Karan_039.jpg]
[3.bp.blogspot.com/-K5Z_8cHLfW8/U7ra33gvLcI/AAAAAAAABQI/jJeLxoDR_GU/s1600/Karan_055.jpg]
[2.bp.blogspot.com/-MaudlekOkhA/U7rbSMj9uiI/AAAAAAAABQc/hhSzej-d4jc/s1600/Karan_066.jpg]
[www.weddingstoryz.com/2014/12/indian-destination-wedding-andaman-usa6326.html]
[2.bp.blogspot.com/-bog6kowgeHU/U7rbQM5jK8I/AAAAAAAABQU/1ON26jDGKwk/s1600/Karan_069.jpg]
[www.blogger.com/comment-iframe65df.g]
[www.weddingstoryz.com/feeds/3168324877568614763/comments/default]
[www.weddingstoryz.com/2014/12/indian-destination-wedding-andaman-usa4bd8.html]
[2.bp.blogspot.com/-Tq3eifN9vjc/U7P-Q8BOSuI/AAAAAAAAAUs/1kbjkIDcga4/s1600/Sindhuri+Kumar+(60).JPG]
[www.blogger.com/comment-iframe6913.g]
[www.weddingstoryz.com/feeds/7830866892531465013/comments/default]
[www.blogger.com/comment-iframe5469.g]
[3.bp.blogspot.com/-4D7s-NrWZkM/U52S8uSfsuI/AAAAAAAAARo/4XO3xkQsCDo/s1600/_G9A4995_BW.jpg]
[www.weddingstoryz.com/2014/11/indian-bride-groom-candid-photographer-lehenga-hyderabad5bb6.html]
[2.bp.blogspot.com/-PYQyN3VSAIM/U52N6nrIKnI/AAAAAAAAAQ0/tu-4LP5dhmI/s1600/Sindhuri%2BKumar+%28134%29.jpg]
[4.bp.blogspot.com/-yYVVrIpEJyM/U52N67780oI/AAAAAAAAAQ4/XSW2Xg2e9Bc/s1600/Sindhuri%2BKumar+%28182%29.jpg]
[1.bp.blogspot.com/-TA78avM_uRQ/U52N7OtPXLI/AAAAAAAAAQ8/LgY8VdmXqmI/s1600/Sindhuri%2BKumar+%28187%29.jpg]
[1.bp.blogspot.com/-80fH_q80nNA/U52N-orH1jI/AAAAAAAAARQ/rgUL_uSnQUc/s1600/Sindhuri%2BKumar+%2887%29.jpg]
[www.weddingstoryz.com/2014/11/indian-bride-groom-candid-photographer-lehenga-hyderabade590.html]
[4.bp.blogspot.com/-H_sOioSyVsA/U52N-zdxrrI/AAAAAAAAARU/T-ORzloR9MY/s1600/Sindhuri%2BKumar+%2890%29.jpg]
[3.bp.blogspot.com/-Z5k3pL6jODE/U52N8_Ro6SI/AAAAAAAAARE/_V0r3-HQemY/s1600/Sindhuri%2BKumar+%28196%29.jpg]
[www.weddingstoryz.com/feeds/5826750430071555642/comments/default]
[www.weddingstoryz.com/2014/11/indian-bride-groom-candid-photographer-lehenga-hyderabada8fe.html]
[2.bp.blogspot.com/-5D0OLRtQDic/U6m66clopgI/AAAAAAAAAT0/0jgWCQoWaf4/s1600/buttrfly.jpg]
[2.bp.blogspot.com/-O-2SL3VcSbw/U6m7TqR0XXI/AAAAAAAAAUA/d06WmEFWRq0/s1600/IMG_0226.jpg]
[www.blogger.com/comment-iframe48ce.g]
[3.bp.blogspot.com/-tkgKSaIIFYQ/U6m71pVF6xI/AAAAAAAAAUI/-Igy1n3cz38/s1600/Juhi+Juyal1+copy.jpg]
[1.bp.blogspot.com/-QH-CeSzZZyM/U6m8chz9DWI/AAAAAAAAAUQ/2u7hkZRYDCw/s1600/IMG_0246.jpg]
[www.weddingstoryz.com/2014/06/indian-bridal-jewellery-contemporary-latest-trendy1c41.html]
[www.weddingstoryz.com/2014/09/delhi-bride-wedding99c3.html]
[www.blogger.com/delete-comment854c.g]
[www.weddingstoryz.com/feeds/4966368983111516094/comments/default]
[3.bp.blogspot.com/-4w5hUhv-2c0/U5n3csl2CpI/AAAAAAAAAMw/WWv2RdC9H9M/s1600/mmmm.jpg]
[www.weddingstoryz.com/2014/09/delhi-bride-weddingd2fc.html]
[4.bp.blogspot.com/-KWETmLJBBhg/U5n2cUkttcI/AAAAAAAAAMk/rBm8Ldk-rZc/s1600/cape-town-beach-front1.jpg]
[www.blogger.com/comment-iframe4405.g]
[3.bp.blogspot.com/-9gAPVExBVR0/U5n-uaFQIhI/AAAAAAAAAN0/4yYKSjTQ6Lg/s1600/nature-landscapes_other_evening-in-the-alps_24322+-+Copy.jpg]
[4.bp.blogspot.com/-Av0S8Hqc5po/U5n4zNzn1LI/AAAAAAAAANE/mUpu5VP2w1E/s1600/versailles-palace-and-garden_28028_600x450.jpg]
[www.weddingstoryz.com/2014/09/delhi-bride-wedding6f5e.html]
[3.bp.blogspot.com/-uYvVPwG8CC8/U5n5b6d8YbI/AAAAAAAAANM/nP3-alpcLL8/s1600/pint-swiss-alps-wallpaper.jpg]
[4.bp.blogspot.com/-0E-iAh7d11A/U5n5xqmTnCI/AAAAAAAAANU/1S-Zp54I9Ik/s1600/amadablang-nepal-300157.jpg]
[2.bp.blogspot.com/-J9l_AAbs0UI/U5n97DKKsMI/AAAAAAAAANs/b2jySNPgL9g/s1600/Tower-Las-Vegas-Wallpaper-HD.jpg]
[www.weddingstoryz.com/2014/09/delhi-bride-weddingf8cb.html]
[2.bp.blogspot.com/-iA6IPOcyq-U/U5n9fD_b6KI/AAAAAAAAANk/AeB4cPjIQ-M/s1600/viaserlas_04.jpg]
[4.bp.blogspot.com/-p2-QtSfOGJM/U5oBD1jd9wI/AAAAAAAAAOI/hbDRhjZhEZk/s1600/leh-3.jpg]
[www.blogger.com/comment-iframe82f2.g]
[4.bp.blogspot.com/-7agINGC8D6U/U5oBNWbVKDI/AAAAAAAAAOQ/0TnRvqWjOnM/s1600/740x225-2.jpg]
[www.weddingstoryz.com/feeds/8589453361961925148/comments/default]
[www.weddingstoryz.com/feeds/1044544666507748897/comments/default]
[www.weddingstoryz.com/2014/09/catholic-christian-goa-mumbai-wedding-ideas8653.html]
[3.bp.blogspot.com/-N4lMbd_3RJY/U49rvxZmMuI/AAAAAAAAAK4/x9INg4po83k/s1600/AV104_comp.jpg]
[4.bp.blogspot.com/-u7CCFrdc4G8/U49sDODrTKI/AAAAAAAAALg/rdIyFpp-x0M/s1600/IMG_7242.jpg]
[1.bp.blogspot.com/-xhCxA1b0npY/U49r2faoa_I/AAAAAAAAALI/DVipe0XAoUA/s1600/AV130_comp.jpg]
[www.weddingstoryz.com/2014/09/catholic-christian-goa-mumbai-wedding-ideas597b.html]
[4.bp.blogspot.com/-PMgzLemtECk/U49r14kHwzI/AAAAAAAAALE/IELTZmt6zhw/s1600/AV158_comp.jpg]
[3.bp.blogspot.com/-nTKGTKOPxdQ/U49r6xEkO_I/AAAAAAAAALQ/yEGe2DlfpmQ/s1600/AV32_comp.jpg]
[4.bp.blogspot.com/-jnjTNp1Bhnk/U49xeIJjE2I/AAAAAAAAAL0/USscOnHzWok/s1600/AV102_comp.jpg]
[www.weddingstoryz.com/2014/09/catholic-christian-goa-mumbai-wedding-ideasacf1.html]
[www.weddingstoryz.com/p/indian-wedding-couple-photos.html]
[www.weddingstoryz.com/p/indian-bridal-jewellery-makeup.html]
[4.bp.blogspot.com/-vjaZZsJU6ec/U4jSzjuTkQI/AAAAAAAABMY/hlTUsIYF95U/s1600/AV96_comp.jpg]
[www.weddingstoryz.com/2014/09/catholic-christian-goa-mumbai-wedding-ideasd7db.html]
[1.bp.blogspot.com/-YP6TqdcmVOw/U49vxnY7x6I/AAAAAAAAALs/Zg9WBYAlZiA/s1600/AV117_comp.jpg]
[3.bp.blogspot.com/-QCkMEGK52rU/VF0INSsIvEI/AAAAAAAAAm4/znU1QLlwQng/s1600/1017553_10152456887383941_8451388283821475187_n.jpg]
[www.weddingstoryz.com/feeds/5166358134677297270/comments/default]
[3.bp.blogspot.com/-Daay84GMRVY/VF0Ijkx8xrI/AAAAAAAAAtM/D1KnJRcdmAc/s1600/1526266_10152355324173941_4971991381057367058_n.jpg]
[www.weddingstoryz.com/2014/09/catholic-christian-goa-mumbai-wedding-ideas2768.html]
[3.bp.blogspot.com/-60BcH99gohI/VF0IkA3APEI/AAAAAAAAAtU/Dm-XkEK_jNs/s1600/1532158_10152337060833941_4450914864016704790_n.jpg]
[4.bp.blogspot.com/-NzGBnc9A30Y/VF0IkCNJ0EI/AAAAAAAAAtQ/Phyu2pdNqVk/s1600/1610805_10152547449738941_1242456827773103206_n.jpg]
[4.bp.blogspot.com/-RTQCCuAVRmA/VF0IkhNsNWI/AAAAAAAAAtg/ojv7phE7m5k/s1600/1900092_10152547449973941_6750196983846592860_n.jpg]
[www.blogger.com/comment-iframe83ca.g]
[3.bp.blogspot.com/-eYAecouD3Jg/VF0INc-9PqI/AAAAAAAAAm0/psI1np91dQM/s1600/10013556_10152355323698941_2959790856050363432_n.jpg]
[4.bp.blogspot.com/-9nYBK86Gimc/VF0IOKuTpdI/AAAAAAAAAnA/X-X-tXpr7fY/s1600/10155153_10152337061978941_2307663014140401554_n.jpg]
[www.weddingstoryz.com/2014/09/how-indian-wedding-led-to-another-wedding9702.html]
[1.bp.blogspot.com/-4mrcqFdYX88/VF0IOuBc1YI/AAAAAAAAAnI/vgpoEW65_Nw/s1600/10299074_10152337060938941_1275250899790212616_n.jpg]
[3.bp.blogspot.com/-iFKuhd7kDXA/VF0IO0i5LQI/AAAAAAAAAnQ/B2MwrtaGQNA/s1600/10300427_10152379821828941_2026846232196605626_n.jpg]
[1.bp.blogspot.com/-toqqKxk2YDY/VF0IPUQ23mI/AAAAAAAAAnY/kn0z-K4sT68/s1600/10354176_10152355325273941_425133963671200861_n.jpg]
[www.weddingstoryz.com/2014/09/how-indian-wedding-led-to-another-weddingbf50.html]
[1.bp.blogspot.com/-jX3BNpw1u6c/VF0IPlOosfI/AAAAAAAAAng/AFd9vXoeBNE/s1600/10363513_10152355324733941_323551176389013242_n.jpg]
[1.bp.blogspot.com/-S-_-4hlYkFc/VF0IQCn7fBI/AAAAAAAAAno/H16pvpnMO_8/s1600/10366076_10152379821368941_4771630611734465461_n.jpg]
[2.bp.blogspot.com/-Wxy-6l78RH0/VF0IQSG-xsI/AAAAAAAAAnw/wjic2bdJySw/s1600/10367744_10152337062378941_8626085111087271783_n.jpg]
[www.weddingstoryz.com/2014/09/how-indian-wedding-led-to-another-wedding7e76.html]
[1.bp.blogspot.com/-UM1evWd02FY/VF0IQzkjhqI/AAAAAAAAAn4/LGU0bIP8vjU/s1600/10380307_10152337062558941_8799275329354933226_n.jpg]
[1.bp.blogspot.com/-YUBWDiR2SQ4/VF0IRVDSGDI/AAAAAAAAAoA/XRWKzJE0sqY/s1600/10380972_10152456888008941_8967347161134803199_n.jpg]
[2.bp.blogspot.com/-AsqvDnGIw1Y/VF0IR2cuf_I/AAAAAAAAAoI/wtUwh4V_ry0/s1600/10390905_10152614107168941_4310381752884084599_n.jpg]
[www.weddingstoryz.com/2014/09/how-indian-wedding-led-to-another-wedding105a.html]
[4.bp.blogspot.com/-fjbYYBJ4zxk/VF0ISR8uMEI/AAAAAAAAAoY/yk7IE-cnjbY/s1600/10402764_10152337062758941_8231609991804352549_n.jpg]
[4.bp.blogspot.com/-mAru0MPbg3U/VF0ISrsIzAI/AAAAAAAAAoU/hgDgTRV35w0/s1600/10403346_10152379822378941_8830933683104747292_n.jpg]
[3.bp.blogspot.com/-wErWlNbqYtg/VF0IS5mC-vI/AAAAAAAAAoc/LPQsDjQ0VY0/s1600/10404480_10152355325203941_1376428794012350856_n.jpg]
[www.blogger.com/comment-iframe265b.g]
[3.bp.blogspot.com/-55XKl-EMcHE/VF0ITi8ssTI/AAAAAAAAAos/O1yoG2HoMOU/s1600/10406774_10152355325053941_8635871621161461505_n.jpg]
[1.bp.blogspot.com/-qW3_tIn3NDA/VF0IUOJpPfI/AAAAAAAAAow/ViRDY2w7IAU/s1600/10409405_10152355324303941_1920830792967009875_n.jpg]
[www.weddingstoryz.com/2014/08/lehenga-shaadi-and-love-in-australia266c.html]
[1.bp.blogspot.com/-cOEfrtvt4fQ/VF0IUTYnAiI/AAAAAAAAAo0/I0MthqyuNmg/s1600/10415683_10152414696838941_3380395897439850029_n.jpg]
[3.bp.blogspot.com/-S_rUk43183I/VF0IUp5A5eI/AAAAAAAAAo4/qIrCbMe7IRk/s1600/10418203_10152379822003941_544742696859833679_n.jpg]
[2.bp.blogspot.com/-h6IilbZgsUg/VF0IU1rx3TI/AAAAAAAAAo8/Gkwp918eV74/s1600/10420181_10152355324573941_3994546485684783489_n.jpg]
[www.weddingstoryz.com/2014/08/lehenga-shaadi-and-love-in-australia7ecf.html]
[3.bp.blogspot.com/-b6qMTmCnVss/VF0IVYfwWII/AAAAAAAAApE/vZV38g6HoPk/s1600/10430899_10152414696558941_1332469394918355775_n.jpg]
[1.bp.blogspot.com/-wXh3yoO_4QU/VF0IV4Ati3I/AAAAAAAAApM/9UXAwO9-jKs/s1600/10433749_10152379822198941_1751812946252317380_n.jpg]
[3.bp.blogspot.com/-P2nQ4rC_k7o/VF0IWN-mT3I/AAAAAAAAApU/-fpweQ3LVrY/s1600/10441295_10152379822623941_6081807932068223868_n.jpg]
[www.weddingstoryz.com/2014/08/lehenga-shaadi-and-love-in-australiab0b2.html]
[4.bp.blogspot.com/-WL4K1P1PTeE/VF0IWhzL07I/AAAAAAAAApY/HYig7hsAs08/s1600/10446670_10152456886373941_8167531236917192362_n.jpg]
[4.bp.blogspot.com/-mKKENFxFOLI/VF0IW-D3dVI/AAAAAAAAApg/0nzEOyilW_s/s1600/10447400_10152379821508941_985598115293653444_n.jpg]
[1.bp.blogspot.com/-p7PFBTuq43M/VF0IXQVa0hI/AAAAAAAAApo/O9H8Kff97SY/s1600/10450519_10152614107398941_4956236193717429619_n.jpg]
[www.weddingstoryz.com/2014/08/lehenga-shaadi-and-love-in-australiadad4.html]
[3.bp.blogspot.com/-iy95XytFqQM/VF0IXsYWWkI/AAAAAAAAApw/j4eagw1z1po/s1600/10455127_10152414695983941_124191518256850009_n.jpg]
[1.bp.blogspot.com/--I60Nn-QL8s/VF0IX7IWvsI/AAAAAAAAAp0/quF5LlbFZ7Y/s1600/10455182_10152379822493941_3879659284468275818_n.jpg]
[4.bp.blogspot.com/-z-3rVDkxgnA/VF0IYT_P3gI/AAAAAAAAAqE/0CLF7VH90dk/s1600/10462921_10152379821128941_6114360404160940999_n.jpg]
[www.weddingstoryz.com/2014/08/lehenga-shaadi-and-love-in-australiabc8c.html]
[2.bp.blogspot.com/-IOPhTboyVEo/VF0IYxazZ2I/AAAAAAAAAqU/5Sb8TY4wJoI/s1600/10470996_10152456888883941_2418850683461369827_n.jpg]
[3.bp.blogspot.com/-Lm395qsIauc/VF0IZC4TD2I/AAAAAAAAAqQ/nJclQdJ_B1o/s1600/10487588_10152456887818941_7254260704976341026_n.jpg]
[2.bp.blogspot.com/-PKn-PcfxANE/VF0IZg8pmAI/AAAAAAAAAqY/9HLL6B8-aRw/s1600/10502108_10152414697498941_7412324618297070600_n.jpg]
[www.weddingstoryz.com/2014/08/lehenga-shaadi-and-love-in-australia8356.html]
[4.bp.blogspot.com/-chNBZp33ZPE/VF0IaIKu6wI/AAAAAAAAAqo/mw5vtAwqWiQ/s1600/10502121_10152414696343941_384228839751684852_n.jpg]
[2.bp.blogspot.com/-lfM0KZtA-Es/VF0Iam3HbSI/AAAAAAAAAq4/pRVwuCd9YAs/s1600/10505335_10152414697628941_8009806569092849123_n.jpg]
[2.bp.blogspot.com/-I4arHLHqGaI/VF0IbO2_SbI/AAAAAAAAArI/lnFEJgP6sZw/s1600/10509541_10152414696713941_8001034656949997992_n.jpg]
[www.blogger.com/comment-iframe4d96.g]
[3.bp.blogspot.com/-3860nqd-9hY/VF0IbLYfuBI/AAAAAAAAArA/n874IhNKE-c/s1600/10532535_10152456888123941_301339864113694429_n.jpg]
[4.bp.blogspot.com/-1K6L6UK-oX8/VF0IbvlXCZI/AAAAAAAAArQ/NtvCZ87Gpvo/s1600/10551022_10152456886943941_5947999883189463953_n.jpg]
[www.weddingstoryz.com/2014/08/wedding-reels-candid-photographersf119.html]
[2.bp.blogspot.com/-JjKCMAxqFwo/VF0IeT_Do7I/AAAAAAAAArc/Ppwgzg6t61I/s1600/10557396_10152456888538941_1753610255846766717_n.png]
[4.bp.blogspot.com/-wegBSscHm3s/VF0Ie_v5fRI/AAAAAAAAArg/5COByRNgCqY/s1600/10557421_10152456888208941_1209996915553157397_n.jpg]
[4.bp.blogspot.com/-bYMpdcw_zYA/VF0IfMr5JBI/AAAAAAAAArk/Kx9ngpLAnPs/s1600/10570371_10152614106913941_8033946894642917674_n.jpg]
[www.weddingstoryz.com/2014/08/wedding-reels-candid-photographers33aa.html]
[2.bp.blogspot.com/-lsa5CcY3kQc/VF0IfdZoSDI/AAAAAAAAArs/4ezNKEfbF8Q/s1600/10577019_10152547448798941_563365187063622635_n.jpg]
[3.bp.blogspot.com/-zzrJu9HSwSI/VF0IfzXzK6I/AAAAAAAAAr0/dBeY-f-JLqY/s1600/10606233_10152547449083941_8048509147673442785_n.jpg]
[1.bp.blogspot.com/-BYXwu3ZFcro/VF0IgIO5nUI/AAAAAAAAAr8/iEOc6DKMuh0/s1600/10624785_10152547448668941_2162376783698073040_n.jpg]
[www.weddingstoryz.com/2014/08/wedding-reels-candid-photographersa503.html]
[4.bp.blogspot.com/-NsgJs_bYJzQ/VF0IgeFAOKI/AAAAAAAAAsE/sFKh1YZpaL8/s1600/10626773_10152547449433941_3924363579889499876_n.jpg]
[2.bp.blogspot.com/-4Zz-5GwqcRE/VF0IgyeYHcI/AAAAAAAAAsQ/JRfdVYN4n7g/s1600/10639383_10152547449598941_7210433208888157082_n.jpg]
[2.bp.blogspot.com/-vLfPWZhHBcI/VF0IhfUwQII/AAAAAAAAAsU/PrfSyA5dqj8/s1600/10639468_10152547448948941_692506155201204352_n.jpg]
[www.blogger.com/comment-iframe482e.g]
[4.bp.blogspot.com/-15zhgn0zc64/VF0IhtT20bI/AAAAAAAAAsY/BDYKv8q6PO8/s1600/10644480_10152614107693941_4265253362931630205_n.jpg]
[3.bp.blogspot.com/-RVaV6FxF6ZU/VF0IiG5qKoI/AAAAAAAAAso/eY4uOxASJ-k/s1600/10646900_10152547448478941_4350736442946343679_n.jpg]
[www.weddingstoryz.com/2014/08/maharashtrian-weddingsa200.html]
[1.bp.blogspot.com/-s8DjQJjqSbo/VF0Iio4tWgI/AAAAAAAAAsw/ooOzoeWzMWY/s1600/10653872_10152614106203941_5481601198101365582_n.jpg]
[4.bp.blogspot.com/-jGtZsn-o2zg/VF0IiiRt9lI/AAAAAAAAAs4/NEYN7YUA8go/s1600/10704055_10152614107903941_5412047896602870212_n.jpg]
[www.blogger.com/share-postccd8.g]
[www.weddingstoryz.com/2014/08/maharashtrian-weddings7951.html]
[www.blogger.com/share-postb891.g]
[www.blogger.com/share-post1158.g]
[www.blogger.com/share-post6895.g]
[www.weddingstoryz.com/2014/08/maharashtrian-weddingsffa1.html]
[www.blogger.com/share-posta6bd.g]
[www.blogger.com/page-editddcd.g]
[www.weddingstoryz.com/feeds/1111201308987598593/comments/default]
[www.blogger.com/comment-iframe00e1.g]
[4.bp.blogspot.com/-pd3di2VbGp0/U3jPI36N18I/AAAAAAAABHY/QSNrL2eJdbE/s1600/waterfall-braid-wedding-hairstyles-for-long-hair2.jpg]
[www.weddingstoryz.com/feeds/4838531183020608520/comments/default]
[www.weddingstoryz.com/feeds/4538916577796709891/comments/default]
[www.blogger.com/comment-iframec4c7.g]
[2.bp.blogspot.com/-xuCaQ1UPmtg/U3cjJhiEUWI/AAAAAAAAAFU/6KOpQPDxdQM/s1600/994636_554967134584685_1879553917_n.jpg]
[4.bp.blogspot.com/-aVSm5jHzSRQ/U3cjICRzWcI/AAAAAAAAAFI/RXTgOvnps44/s1600/1382144_554968034584595_796383501_n.jpg]
[www.blogger.com/comment-iframe65df.g]
[www.weddingstoryz.com/feeds/1031652683576489876/comments/default]
[www.weddingstoryz.com/search/label/beautiful brides7c9e]
[www.blogger.com/comment-iframe6913.g]
[www.weddingstoryz.com/search/label/beauty tips and tricks64ef]
[www.weddingstoryz.com/search/label/bridal jewellery6521]
[www.weddingstoryz.com/2014/06/indian-bridal-jewellery-contemporary-latest-trendy1c41.html]
[www.weddingstoryz.com/search/label/bridal makeupde21]
[www.weddingstoryz.com/search/label/bridal makeup artistsde21]
[www.blogger.com/comment-iframe4405.g]
[www.weddingstoryz.com/search/label/bridal salonde21]
[www.weddingstoryz.com/search/label/catholic weddings in indiab654]
[www.weddingstoryz.com/p/indian-wedding-couple-photos.html]
[www.weddingstoryz.com/search/label/candid photographyf105]
[www.weddingstoryz.com/search/label/christian brideb654]
[www.weddingstoryz.com/p/indian-bridal-jewellery-makeup.html]
[www.weddingstoryz.com/search/label/contemporary jewellery274e]
[www.weddingstoryz.com/search/label/couple outdoor shoot112e]
[www.weddingstoryz.com/search/label/couple photo shoot112e]
[www.weddingstoryz.com/search/label/couple storiescee9]
[www.blogger.com/comment-iframe541a.g]
[www.weddingstoryz.com/search/label/delhi bride7c9e]
[www.weddingstoryz.com/search/label/delhi wedding7c9e]
[www.weddingstoryz.com/search/label/destination wedding0839]
[www.weddingstoryz.com/search/label/goa weddingsb654]
[www.weddingstoryz.com/search/label/honeymoon destinations47f0]
[www.weddingstoryz.com/search/label/honeymoons47f0]
[www.weddingstoryz.com/search/label/Indian groom691d]
[www.weddingstoryz.com/search/label/eyeshadowde21]
[www.weddingstoryz.com/search/label/indian weddings in usa0839]
[www.weddingstoryz.com/search/label/latest hairstyles64ef]
[www.weddingstoryz.com/search/label/latest jewellery274e]
[www.weddingstoryz.com/search/label/lipstickde21]
[www.weddingstoryz.com/search/label/maharashtrian bride29a9]
[www.weddingstoryz.com/search/label/maharashtrian wedding rituals29a9]
[www.weddingstoryz.com/search/label/maharashtrian weddings29a9]
[www.weddingstoryz.com/search/label/makeup tipsde21]
[www.weddingstoryz.com/search/label/modern working woman274e]
[www.weddingstoryz.com/search/label/nri couple weddings0839]
[www.blogger.com/comment-iframe541a.g]
[www.weddingstoryz.com/search/label/pre wedding photography112e]
[www.weddingstoryz.com/search/label/beautiful brides7c9e]
[www.weddingstoryz.com/search/label/real weddings88c7]
[www.weddingstoryz.com/search/label/south indian weddings6521]
[www.weddingstoryz.com/search/label/beauty tips and tricks64ef]
[www.weddingstoryz.com/search/label/pune weddings29a9]
[www.weddingstoryz.com/search/label/travel plans47f0]
[www.weddingstoryz.com/search/label/bridal jewellery6521]
[www.weddingstoryz.com/search/label/usa indians wedding0839]
[www.weddingstoryz.com/search/label/vacations47f0]
[www.weddingstoryz.com/search/label/wedding destinations0839]
[www.weddingstoryz.com/search/label/bridal makeupde21]
[www.weddingstoryz.com/search/label/wedding photographyf105]
[www.weddingstoryz.com/search/label/wedding ideas64ef]
[www.weddingstoryz.com/search/label/bridal makeup artistsde21]
[www.weddingstoryz.com/search/label/wedding photographersf105]
[www.weddingstoryz.com/search/label/wedding photographers in Hyderabad691d]
[www.weddingstoryz.com/search/label/wedding photography costf105]
[www.weddingstoryz.com/search/label/bridal salonde21]
[www.weddingstoryz.com/search/label/wedding planningf105]
[www.weddingstoryz.com/search/label/wedding venues6521]
[www.weddingstoryz.com/search/label/white dressb654]
[www.weddingstoryz.com/search/label/candid photographyf105]
[www.weddingstoryz.com/search46da]
[www.weddingstoryz.com/searchdba3]
[www.weddingstoryz.com/search5eec]
[www.weddingstoryz.com/search7c88]
[www.weddingstoryz.com/searchd01a]
[www.weddingstoryz.com/search/label/catholic weddings in indiab654]
[2.bp.blogspot.com/-6v0wdJH32fE/VF0CHHGalhI/AAAAAAAAAic/sKqGCybWo30/s1600/10012539_10152426212688941_3786997106005255356_n.jpg]
[1.bp.blogspot.com/-Yqv6K7OwHK0/VF0CHY8BOHI/AAAAAAAAAiY/RLkj6T4mHE0/s1600/10392420_10152513065428941_33368553568489102_n.jpg]
[www.weddingstoryz.com/search2709]
[www.weddingstoryz.com/search060a]
[www.weddingstoryz.com/search/label/christian brideb654]
[2.bp.blogspot.com/-RqXjEYr0gCY/VF0CHVq1vXI/AAAAAAAAAiU/wxzM-xaLoZU/s1600/10410679_10152444948268941_6007532733171384000_n.jpg]
[2.bp.blogspot.com/-D-7Gz-luL3I/VF0CIE0YIFI/AAAAAAAAAio/A2RWyG-B9Ng/s1600/10416576_10152396905918941_3541587475109554585_n.jpg]
[www.weddingstoryz.com/search/label/contemporary jewellery274e]
[4.bp.blogspot.com/-OmODETp2xMA/VF0CIdVUENI/AAAAAAAAAj0/cQxFAMOGZVU/s1600/10425409_10152426202073941_6106930728121642151_n.jpg]
[3.bp.blogspot.com/-NWlIzuZUB60/VF0CIh55OUI/AAAAAAAAAiw/htm80j1366k/s1600/10433118_10152426200793941_1193250181937930525_n.jpg]
[3.bp.blogspot.com/-OBGecap6-bQ/VF0CI27pTFI/AAAAAAAAAi0/AiJO-pZdflo/s1600/10435095_10152396905808941_1834466444592193063_n.jpg]
[www.weddingstoryz.com/search/label/couple outdoor shoot112e]
[1.bp.blogspot.com/-jeYwI0wLHjM/VF0CJtU12II/AAAAAAAAAjA/oFuJK3J5YsE/s1600/10435874_10152396906503941_1782514386597075961_n.jpg]
[www.weddingstoryz.com/search/label/couple photo shoot112e]
[3.bp.blogspot.com/-ONbrJGkrkXY/VF0CJ__v6lI/AAAAAAAAAjI/EFCvSS2mBLY/s1600/10447097_10152396905528941_4645090113999147546_n.jpg]
[1.bp.blogspot.com/-DhUsswNHiPA/VF0CKEwloFI/AAAAAAAAAjM/Y7MZEHRhTA8/s1600/10447657_10152426200418941_9148911937593591848_n.jpg]
[1.bp.blogspot.com/-45qtDD7OGY8/VF0CK4b4iFI/AAAAAAAAAjc/fmeTLweDNFg/s1600/10450976_10152396906403941_6220757212519786700_n.jpg]
[www.weddingstoryz.com/search/label/couple storiescee9]
[2.bp.blogspot.com/-rLuSIrae6Mk/VF0CLufEt_I/AAAAAAAAAjo/PSpiyDgdO7c/s1600/10464290_10152481338533941_4245877160972534645_n.jpg]
[3.bp.blogspot.com/-1v-_dLp7Jek/VF0CLEDiGYI/AAAAAAAAAjg/X4HNA08a5L0/s1600/10462437_10152396912463941_4434110648256108348_n.jpg]
[2.bp.blogspot.com/-boLK01PSAY8/VF0CLwvgPFI/AAAAAAAAAjw/C-Nqy1toEz0/s1600/10471053_10152444944988941_6129059104768189247_n.jpg]
[www.weddingstoryz.com/search/label/delhi bride7c9e]
[3.bp.blogspot.com/-o_1oRMqxKxc/VF0CMrVw6EI/AAAAAAAAAj8/une_xJQPfDY/s1600/10478180_10152426191053941_1510829125041268678_n.jpg]
[www.weddingstoryz.com/search/label/delhi wedding7c9e]
[1.bp.blogspot.com/-cBXk3IyjopA/VF0CPBNbNDI/AAAAAAAAAkM/pPk1RbZkBDw/s1600/10488339_10152426194563941_2437686127936836805_n.png]
[3.bp.blogspot.com/-CKekeVFrQzM/VF0CPTSI5uI/AAAAAAAAAkU/49_cMCqV2EQ/s1600/10492530_10152396906013941_1306123115493004426_n.jpg]
[www.weddingstoryz.com/search/label/destination wedding0839]
[2.bp.blogspot.com/-tnWefWn02_A/VF0CPn8Qi_I/AAAAAAAAAkQ/dzwfrT9y4og/s1600/10494713_10152444948458941_1619789291360680902_n.jpg]
[3.bp.blogspot.com/-3hxcKPDNGgk/VF0CQSeZctI/AAAAAAAAAkc/n61Y7GbkrGo/s1600/10501809_10152513064888941_5321483288497339443_n.jpg]
[3.bp.blogspot.com/-gTTa0MLpT9A/VF0CQW8a0RI/AAAAAAAAAkk/gO-DoFE6OCE/s1600/10501875_10152426196433941_6355675124021042663_n.jpg]
[www.weddingstoryz.com/search/label/eyeshadowde21]
[4.bp.blogspot.com/-gF79WxraXsU/VF0CQwfVGAI/AAAAAAAAAks/fexglZk_SXM/s1600/10502352_10152444944338941_8963654305085684353_n.jpg]
[2.bp.blogspot.com/-AFbWGszw_BQ/VF0CRPOCqTI/AAAAAAAAAkw/0Zy3Hr6MlA8/s1600/10513472_10152426196028941_8822787254467997580_n.jpg]
[www.weddingstoryz.com/search/label/goa weddingsb654]
[4.bp.blogspot.com/-_jvXFZTL6V4/VF0CRQOhOyI/AAAAAAAAAlA/8UVUY8H989c/s1600/10516699_10152513065168941_7415266885858182827_n.jpg]
[3.bp.blogspot.com/-RftIzhrHKvY/VF0CRgzHDSI/AAAAAAAAAk8/R_cVBbPy8t8/s1600/10516887_10152426208523941_5283341858178628812_n.jpg]
[www.weddingstoryz.com/search/label/honeymoon destinations47f0]
[1.bp.blogspot.com/-MPYEjlA7Xew/VF0CSC1lpvI/AAAAAAAAAlM/Z2n8A4PpyHw/s1600/10517491_10152444946033941_1382024697184461318_n.jpg]
[www.weddingstoryz.com/search/label/honeymoons47f0]
[2.bp.blogspot.com/-8DHpIAX-R4I/VF0CSXHacII/AAAAAAAAAlU/PV-fAt-vDxU/s1600/10525946_10152481337418941_752818816008929156_n.jpg]
[4.bp.blogspot.com/-fhexRemEr1I/VF0CSpM3vuI/AAAAAAAAAlY/fAJ7NIuts9c/s1600/10527326_10152481338048941_9099206565718656502_n.jpg]
[3.bp.blogspot.com/-7OorfiFTP-0/VF0CS7goKjI/AAAAAAAAAlk/nZBTuT-nmss/s1600/10527729_10152481337508941_3132376128378667817_n.jpg]
[www.weddingstoryz.com/search/label/Indian groom691d]
[4.bp.blogspot.com/-Zls9W2z9nbs/VF0CTTGMR1I/AAAAAAAAAls/Gfx9XcBZlOQ/s1600/10530779_10152481338193941_5897541848674644066_n.jpg]
[3.bp.blogspot.com/-90RrvMaAKHE/VF0CToS9NcI/AAAAAAAAAmM/Uz3dJ-WLNgc/s1600/10551056_10152444943718941_8332148157411752659_n.jpg]
[www.weddingstoryz.com/search/label/indian weddings in usa0839]
[2.bp.blogspot.com/-s83-mTqf4iM/VF0CT1M5kmI/AAAAAAAAAl4/ReD2YVOSi2g/s1600/10557180_10152513065313941_8263162838337847673_n.jpg]
[3.bp.blogspot.com/-mSItGQPnqEY/VF0CUZzoG3I/AAAAAAAAAmA/ZQX6IV3edHc/s1600/10557393_10152513065578941_7931809934936539407_n.jpg]
[www.weddingstoryz.com/search/label/latest hairstyles64ef]
[1.bp.blogspot.com/-UAfSQZUIMkM/VF0CUvLWs5I/AAAAAAAAAmE/FoM0ciWAH2A/s1600/10565044_10152513065643941_8013149115426696895_n.jpg]
[3.bp.blogspot.com/-wiRgEtj-95I/VF0CVTGjoSI/AAAAAAAAAmY/ueXQ2tZcilo/s1600/10568964_10152481338633941_4819230957641775315_n.jpg]
[www.weddingstoryz.com/search/label/latest jewellery274e]
[2.bp.blogspot.com/-LBlbRJuAH5c/VF0CViBflkI/AAAAAAAAAmc/R8NSXF4JCH0/s1600/10577102_10152481338453941_3043089740789605467_n.jpg]
[2.bp.blogspot.com/-A2n_FqJzQk4/VFvmTjzWTII/AAAAAAAAAhk/92N2ipQLHK4/s1600/983793_10152573246973941_6841948837139544585_n.jpg]
[www.weddingstoryz.com/search/label/lipstickde21]
[3.bp.blogspot.com/-lSLrA4dhzfk/VFvmS-xt9gI/AAAAAAAAAhM/58bBzkLXAvA/s1600/1453475_10152641063198941_2890953790866266067_n.jpg]
[4.bp.blogspot.com/-cjouxgYVTN8/VFvmTA8KvWI/AAAAAAAAAhU/QTnhuT9lSSc/s1600/1977256_10152641062843941_2775284112391713338_n.jpg]
[www.weddingstoryz.com/search/label/maharashtrian bride29a9]
[4.bp.blogspot.com/-PFO9-MEQo9c/VFvmTeqgY0I/AAAAAAAAAhc/evWw41FEFgo/s1600/1979655_10152641062763941_4977403163905989635_n.jpg]
[4.bp.blogspot.com/-prXrcteKOP8/VFvmQMJp9AI/AAAAAAAAAgU/Lhk1zfDdZwE/s1600/10349147_10152544314348941_2499091346209841817_n.jpg]
[www.weddingstoryz.com/search/label/maharashtrian wedding rituals29a9]
[1.bp.blogspot.com/-FZ59AXHIiDs/VFvmQJZLRTI/AAAAAAAAAgM/-gCcz-6n0TM/s1600/10419003_10152641062963941_7405681648840110352_n.jpg]
[4.bp.blogspot.com/-oERlXm1mbfA/VFvmQMttO4I/AAAAAAAAAgQ/tLIaZNMvKG4/s1600/10485817_10152641062568941_1944021701554427873_n.jpg]
[www.weddingstoryz.com/search/label/maharashtrian weddings29a9]
[1.bp.blogspot.com/-czZRCWj8hls/VFvmQrQxtjI/AAAAAAAAAgY/12ezbAV3xGU/s1600/10501616_10152513065038941_6160602217635640757_n.jpg]
[www.weddingstoryz.com/search/label/makeup tipsde21]
[4.bp.blogspot.com/-oXqGK1BA_HE/VFvmQ5MP5LI/AAAAAAAAAgc/n5ve2LbFdCg/s1600/10576922_10152544313823941_8846367941361240149_n.jpg]
[1.bp.blogspot.com/-EsrxNymmKnU/VFvmRGsbNuI/AAAAAAAAAg0/qGJJxwYLWq4/s1600/10592631_10152513064743941_3346781219680515535_n.jpg]
[www.weddingstoryz.com/search/label/modern working woman274e]
[1.bp.blogspot.com/-CMd_FPO8K4w/VFvmRPb3duI/AAAAAAAAAgk/BQ7qoxqh7Cs/s1600/10606080_10152641062808941_718381962433378312_n.jpg]
[1.bp.blogspot.com/-weLyp3UDMCc/VFvmRVD9ZbI/AAAAAAAAAgs/eww2dxSRzc0/s1600/10606474_10152573245483941_8222646689197709650_n.jpg]
[3.bp.blogspot.com/-ln5-lWbgEyo/VFvmRu3N5LI/AAAAAAAAAg4/dwVdtvHApZE/s1600/10622814_10152573246253941_7367997810703089718_n.jpg]
[www.weddingstoryz.com/search/label/nri couple weddings0839]
[4.bp.blogspot.com/-MSmf3rAu1tw/VFvmSIagpCI/AAAAAAAAAg8/hvxnVFtgIVU/s1600/10632717_10152573245568941_9116920207988679725_n.jpg]
[www.weddingstoryz.com/search/label/pre wedding photography112e]
[3.bp.blogspot.com/-msquXrDz-DA/VFvmSV6gM7I/AAAAAAAAAhA/YXwVRMuxPyo/s1600/10650033_10152573245803941_3730174157819000962_n.jpg]
[2.bp.blogspot.com/-F992F7FACd0/VFvmSYswKVI/AAAAAAAAAiE/ce4-ugw18G8/s1600/10710747_10152641062573941_7973220990971215484_n.jpg]
[www.weddingstoryz.com/search/label/pune weddings29a9]
[farm4.staticflickr.com/3907/14372194720_e47fd8d454_m.jpg]
[farm4.staticflickr.com/3857/14578977353_1bd93a64e5_m.jpg]
[farm4.staticflickr.com/3901/14372273229_b0f8588a8d_m.jpg]
[www.weddingstoryz.com/search/label/real weddings88c7]
[farm4.staticflickr.com/3920/14555486701_e13363d431_m.jpg]
[www.weddingstoryz.com/search/label/south indian weddings6521]
[farm4.staticflickr.com/3923/14555489851_2a408f56fe_m.jpg]
[farm3.staticflickr.com/2908/14372285978_da88b3975d_m.jpg]
[www.weddingstoryz.com/search/label/travel plans47f0]
[farm3.staticflickr.com/2917/14372284048_f8d99172de_m.jpg]
[farm6.staticflickr.com/5489/14372446367_c0d75d9110_m.jpg]
[www.weddingstoryz.com/search/label/usa indians wedding0839]
[farm6.staticflickr.com/5483/14372288648_efa98215fb_m.jpg]
[farm4.staticflickr.com/3871/14578985103_17f4f72e18_m.jpg]
[farm4.staticflickr.com/3883/14558052882_96cf7e4ea5_m.jpg]
[farm4.staticflickr.com/3845/14557271444_52900decc2_m.jpg]
[www.weddingstoryz.com/search/label/vacations47f0]
[www.weddingstoryz.com/search/label/wedding destinations0839]
[farm4.staticflickr.com/3912/14555502791_65a34ea8d2_m.jpg]
[farm4.staticflickr.com/3909/14555501601_17a84c2b63_m.jpg]
[www.weddingstoryz.com/search/label/wedding ideas64ef]
[farm3.staticflickr.com/2908/14558891945_1108f5188a_m.jpg]
[www.weddingstoryz.com/search/label/wedding photographersf105]
[farm6.staticflickr.com/5556/14372297668_bceed17673_m.jpg]
[farm6.staticflickr.com/5565/14558889055_db819f956f_m.jpg]
[farm3.staticflickr.com/2940/14372206430_0faa45f40d_m.jpg]
[farm3.staticflickr.com/2933/14372451587_cd01a730ed_m.jpg]
[www.weddingstoryz.com/search/label/wedding photographers in Hyderabad691d]
[farm6.staticflickr.com/5587/14372450717_5e592328ca_m.jpg]
[farm3.staticflickr.com/2909/14372290768_c0ec6d16c4_m.jpg]
[farm4.staticflickr.com/3915/14372282409_b959c5f224_m.jpg]
[farm4.staticflickr.com/3898/14372449067_c70bb7a757_m.jpg]
[www.weddingstoryz.com/search/label/wedding photographyf105]
[www.blogger.com/share-postb9e7.g]
[farm4.staticflickr.com/3876/14372290358_16aa1468b7_m.jpg]
[www.weddingstoryz.com/search/label/wedding photography costf105]
[www.blogger.com/share-postf443.g]
[www.weddingstoryz.com/search/label/wedding planningf105]
[www.blogger.com/share-post30e9.g]
[www.blogger.com/share-post4f04.g]
[www.blogger.com/share-postaed1.g]
[www.weddingstoryz.com/search/label/wedding venues6521]
[www.weddingstoryz.com/search/label/diy tutorials0609]
[www.blogger.com/page-edit0746.g]
[www.blogger.com/img/blank.gif]
[www.weddingstoryz.com/search/label/white dressb654]
[www.google.com/js/bg/NTZdzEkSJGVCXuwGf9RHQ7qXvj5VRIyCo20VzF7ON7s.js]
[www.blogger.com/static/v1/jsbin/492647957-cmt__en_gb.js]
[www.weddingstoryz.com/b/csi7495.js]
[www.weddingstoryz.com/search46da]
[1.bp.blogspot.com/-w2sFb1hUoNU/U4jawRIKpeI/AAAAAAAABNQ/knMg8MBIHgM/s1600/AV32_comp.jpg]
[2.bp.blogspot.com/-QwjUYJsWsEk/U4jaTRDgkTI/AAAAAAAABM4/pOAN9EfQuhk/s1600/AV104_comp.jpg]
[www.weddingstoryz.com/searchdba3]
[1.bp.blogspot.com/-ejICfMsKAGg/U4jaY-12lAI/AAAAAAAABNA/OTq1KohI5As/s1600/AV130_comp.jpg]
[www.blogger.com/img/cmt/close.gif]
[2.bp.blogspot.com/-XPjJsHqTfEY/U4jaYtz3CyI/AAAAAAAABM8/egMkzQ__XGU/s1600/AV132_comp.jpg]
[www.weddingstoryz.com/search7c88]
[1.bp.blogspot.com/-s8wo-WrYdbg/U4jahWyC0PI/AAAAAAAABNE/Xt0Tkx33q7c/s1600/AV176_comp.jpg]
[1.bp.blogspot.com/-NkNlmMXQ49Q/U4jaoiw1YhI/AAAAAAAABNI/HiC_ZrAEBBw/s1600/AV193_comp.jpg]
[www.weddingstoryz.com/searchd01a]
[1.bp.blogspot.com/-4up1JJtiGxI/U4jarUizwjI/AAAAAAAABNM/lRM_xnU9D6E/s1600/AV206_comp.jpg]
[4.bp.blogspot.com/-rktEoV651T0/U4ja05jSxTI/AAAAAAAABNU/vjRbm1XQeCo/s1600/IMG_7242.jpg]
[www.weddingstoryz.com/search5eec]
[2.bp.blogspot.com/-NdCvtM1_m8s/U4ja6RKlNYI/AAAAAAAABNY/hg08YFE9_wo/s1600/IMG_7287.jpg]
[3.bp.blogspot.com/-sZRPXlUW1dg/U4ja_bYI3TI/AAAAAAAABNc/vxXaw_Z__4A/s1600/IMG_7403.jpg]
[www.weddingstoryz.com/search060a]
[4.bp.blogspot.com/-noc5XQFhPKY/U4jbAbGMovI/AAAAAAAABNg/iH62TP9pHVc/s1600/IMG_7432.jpg]
[3.bp.blogspot.com/-bDpQLhya8XA/U4jbEX7D7bI/AAAAAAAABNk/4aJxGyDBTXA/s1600/IMG_7513.jpg]
[www.weddingstoryz.com/search2709]
[www.blogger.com/share-post29a9.g]
[www.blogger.com/share-postfad2.g]
[www.blogger.com/share-postef49.g]
[www.blogger.com/share-post3748.g]
[www.blogger.com/share-poste85e.g]
[www.blogger.com/page-edit7170.g]
[3.bp.blogspot.com/-2xyDXsFZHA8/U4jUREIrdLI/AAAAAAAABMs/FW203XJ1kOs/s1600/DSC_3294_comp.jpg]
[www.weddingstoryz.com/search/label/diy tutorials0609]
[1.bp.blogspot.com/-hBwuCuo3gGI/U4jT6VdWxeI/AAAAAAAABMg/LFqsBXEnsyY/s1600/AV83_comp.jpg]
[3.bp.blogspot.com/-zW9ObNC-fGI/U4jT68YTq_I/AAAAAAAABMk/ha0jnWDN-c8/s1600/AV71_prcs.jpg]
[1.bp.blogspot.com/-rM44GHFcNDw/U4jUAg4vDeI/AAAAAAAABMo/J8zm-le9gDg/s1600/AV86_comp.jpg]
[www.blogger.com/static/v1/v-css/4079081201-cmtfp.css]
[4.bp.blogspot.com/-vopPkcuJf2E/U4jTyR9vf8I/AAAAAAAABMc/TrmZiQcRaM0/s1600/AV102_comp.jpg]
[www.blogger.com/share-postbae2.g]
[www.blogger.com/share-post16e0.g]
[www.blogger.com/share-postbbcf.g]
[www.blogger.com/share-postbd4d.g]
[www.blogger.com/share-post3a0a.g]
[www.weddingstoryz.com/search/label/beautiful brides7d3f]
[www.blogger.com/page-edit2639.g]
[www.weddingstoryz.com/search/label/beauty tips and tricks0609]
[www.weddingstoryz.com/search/label/bridal jewellery0287]
[www.weddingstoryz.com/search/label/bridal makeupd287]
[www.weddingstoryz.com/search/label/bridal makeup artistsd287]
[www.weddingstoryz.com/search/label/bridal salond287]
[www.weddingstoryz.com/search/label/catholic weddings in india34c7]
[www.weddingstoryz.com/search/label/christian bride34c7]
[www.weddingstoryz.com/search/label/candid photography9653]
[www.weddingstoryz.com/search/label/contemporary jewellery9d7d]
[www.weddingstoryz.com/search/label/couple outdoor shootafd1]
[www.weddingstoryz.com/search/label/couple photo shootafd1]
[www.weddingstoryz.com/search/label/couple stories00cd]
[www.weddingstoryz.com/search/label/delhi bride7d3f]
[www.weddingstoryz.com/search/label/delhi wedding7d3f]
[www.weddingstoryz.com/search/label/destination wedding7568]
[www.weddingstoryz.com/search/label/eyeshadowd287]
[www.weddingstoryz.com/search/label/goa weddings34c7]
[www.weddingstoryz.com/search/label/honeymoon destinationsf550]
[www.weddingstoryz.com/search/label/honeymoonsf550]
[www.weddingstoryz.com/search/label/Indian groom0b5d]
[www.weddingstoryz.com/search/label/indian weddings in usa7568]
[www.weddingstoryz.com/search/label/latest hairstyles0609]
[www.weddingstoryz.com/search/label/latest jewellery9d7d]
[www.weddingstoryz.com/search/label/lipstickd287]
[www.weddingstoryz.com/search/label/maharashtrian bridef03d]
[www.weddingstoryz.com/search/label/maharashtrian wedding ritualsf03d]
[www.weddingstoryz.com/search/label/maharashtrian weddingsf03d]
[www.weddingstoryz.com/search/label/makeup tipsd287]
[www.weddingstoryz.com/search/label/modern working woman9d7d]
[www.weddingstoryz.com/search/label/nri couple weddings7568]
[www.weddingstoryz.com/search/label/pre wedding photographyafd1]
[www.weddingstoryz.com/search/label/pune weddingsf03d]
[www.weddingstoryz.com/search/label/real weddingsaaf9]
[www.weddingstoryz.com/search/label/south indian weddings0287]
[www.weddingstoryz.com/search/label/travel plansf550]
[www.weddingstoryz.com/search/label/usa indians wedding7568]
[www.weddingstoryz.com/search/label/vacationsf550]
[www.weddingstoryz.com/search/label/wedding destinations7568]
[www.weddingstoryz.com/search/label/wedding ideas0609]
[www.weddingstoryz.com/search/label/wedding photographers9653]
[www.weddingstoryz.com/search/label/wedding photographers in Hyderabad0b5d]
[www.weddingstoryz.com/search/label/wedding photography9653]
[www.weddingstoryz.com/search/label/wedding photography cost9653]
[www.weddingstoryz.com/search/label/wedding planning9653]
[www.weddingstoryz.com/search/label/wedding venues0287]
[www.weddingstoryz.com/search/label/white dress34c7]
[www.weddingstoryz.com/search83bf]
[www.weddingstoryz.com/searchdb80]
[www.weddingstoryz.com/search7a01]
[www.weddingstoryz.com/search94dd]
[www.weddingstoryz.com/search4fae]
[www.weddingstoryz.com/search40be]
[www.weddingstoryz.com/searchb881]
[www.blogger.com/img/cmt/comment_sprite.gif]
[www.blogger.com/img/icon_alert15.gif]
[www.weddingstoryz.com/search/label/beautiful brides7d3f]
[www.weddingstoryz.com/search/label/beauty tips and tricks0609]
[www.weddingstoryz.com/search/label/bridal jewellery0287]
[www.weddingstoryz.com/search/label/bridal makeupd287]
[www.weddingstoryz.com/search/label/bridal makeup artistsd287]
[www.weddingstoryz.com/search/label/bridal salond287]
[www.weddingstoryz.com/search/label/candid photography9653]
[www.weddingstoryz.com/search/label/catholic weddings in india34c7]
[www.weddingstoryz.com/search/label/christian bride34c7]
[www.weddingstoryz.com/search/label/contemporary jewellery9d7d]
[www.weddingstoryz.com/search/label/couple outdoor shootafd1]
[www.weddingstoryz.com/search/label/couple photo shootafd1]
[www.weddingstoryz.com/search/label/couple stories00cd]
[www.weddingstoryz.com/search/label/delhi bride7d3f]
[www.weddingstoryz.com/search/label/delhi wedding7d3f]
[www.weddingstoryz.com/search/label/destination wedding7568]
[www.weddingstoryz.com/search/label/eyeshadowd287]
[www.weddingstoryz.com/search/label/goa weddings34c7]
[www.weddingstoryz.com/search/label/honeymoon destinationsf550]
[www.weddingstoryz.com/search/label/honeymoonsf550]
[www.weddingstoryz.com/search/label/Indian groom0b5d]
[www.weddingstoryz.com/search/label/indian weddings in usa7568]
[www.weddingstoryz.com/search/label/latest hairstyles0609]
[www.weddingstoryz.com/search/label/latest jewellery9d7d]
[www.weddingstoryz.com/search/label/lipstickd287]
[www.weddingstoryz.com/search/label/maharashtrian bridef03d]
[www.weddingstoryz.com/search/label/maharashtrian wedding ritualsf03d]
[www.weddingstoryz.com/search/label/maharashtrian weddingsf03d]
[www.weddingstoryz.com/search/label/makeup tipsd287]
[www.weddingstoryz.com/search/label/modern working woman9d7d]
[www.weddingstoryz.com/search/label/nri couple weddings7568]
[www.weddingstoryz.com/search/label/pre wedding photographyafd1]
[www.weddingstoryz.com/search/label/pune weddingsf03d]
[www.weddingstoryz.com/search/label/real weddingsaaf9]
[www.weddingstoryz.com/search/label/south indian weddings0287]
[www.weddingstoryz.com/search/label/travel plansf550]
[www.weddingstoryz.com/search/label/usa indians wedding7568]
[www.weddingstoryz.com/search/label/vacationsf550]
[www.weddingstoryz.com/search/label/wedding destinations7568]
[www.weddingstoryz.com/search/label/wedding ideas0609]
[www.weddingstoryz.com/search/label/wedding photographers9653]
[www.weddingstoryz.com/search/label/wedding photographers in Hyderabad0b5d]
[www.weddingstoryz.com/search/label/wedding photography9653]
[www.weddingstoryz.com/search/label/wedding photography cost9653]
[www.weddingstoryz.com/search/label/wedding planning9653]
[www.weddingstoryz.com/search/label/wedding venues0287]
[www.weddingstoryz.com/search/label/white dress34c7]
[www.weddingstoryz.com/search83bf]
[www.weddingstoryz.com/search94dd]
[www.weddingstoryz.com/searchdb80]
[www.weddingstoryz.com/search7a01]
[www.weddingstoryz.com/search4fae]
[www.weddingstoryz.com/search40be]
[www.weddingstoryz.com/searchb881]
